<?xml version="1.0"?>
<link_info>
   <banner>TI ARM Linker PC v16.9.4.LTS</banner>
   <copyright>Copyright (c) 1996-2017 Texas Instruments Incorporated</copyright>
   <link_time>0x64fdaa5d</link_time>
   <link_errors>0x0</link_errors>
   <output_file>Tiva_c.out</output_file>
   <entry_point>
      <name>_c_int00</name>
      <address>0x2979</address>
   </entry_point>
   <input_file_list>
      <input_file id="fl-2">
         <path>.\</path>
         <kind>object</kind>
         <file>GPIO.obj</file>
         <name>GPIO.obj</name>
      </input_file>
      <input_file id="fl-3">
         <path>.\</path>
         <kind>object</kind>
         <file>GPIO_config.obj</file>
         <name>GPIO_config.obj</name>
      </input_file>
      <input_file id="fl-4">
         <path>.\</path>
         <kind>object</kind>
         <file>GPT.obj</file>
         <name>GPT.obj</name>
      </input_file>
      <input_file id="fl-5">
         <path>.\</path>
         <kind>object</kind>
         <file>GPT_config.obj</file>
         <name>GPT_config.obj</name>
      </input_file>
      <input_file id="fl-6">
         <path>.\</path>
         <kind>object</kind>
         <file>SCB.obj</file>
         <name>SCB.obj</name>
      </input_file>
      <input_file id="fl-7">
         <path>.\</path>
         <kind>object</kind>
         <file>SCB_config.obj</file>
         <name>SCB_config.obj</name>
      </input_file>
      <input_file id="fl-8">
         <path>.\</path>
         <kind>object</kind>
         <file>SCHEDULAR.obj</file>
         <name>SCHEDULAR.obj</name>
      </input_file>
      <input_file id="fl-9">
         <path>.\</path>
         <kind>object</kind>
         <file>SYSTICK.obj</file>
         <name>SYSTICK.obj</name>
      </input_file>
      <input_file id="fl-a">
         <path>.\</path>
         <kind>object</kind>
         <file>SYSTICK_config.obj</file>
         <name>SYSTICK_config.obj</name>
      </input_file>
      <input_file id="fl-b">
         <path>.\</path>
         <kind>object</kind>
         <file>UART_config.obj</file>
         <name>UART_config.obj</name>
      </input_file>
      <input_file id="fl-c">
         <path>.\</path>
         <kind>object</kind>
         <file>UART_program.obj</file>
         <name>UART_program.obj</name>
      </input_file>
      <input_file id="fl-d">
         <path>.\</path>
         <kind>object</kind>
         <file>main.obj</file>
         <name>main.obj</name>
      </input_file>
      <input_file id="fl-e">
         <path>.\</path>
         <kind>object</kind>
         <file>tm4c123ge6pm_startup_ccs.obj</file>
         <name>tm4c123ge6pm_startup_ccs.obj</name>
      </input_file>
      <input_file id="fl-f">
         <path>.\Inc\APP\AutonomousCar\</path>
         <kind>object</kind>
         <file>AutonomousCar.obj</file>
         <name>AutonomousCar.obj</name>
      </input_file>
      <input_file id="fl-10">
         <path>.\Inc\APP\Calc\</path>
         <kind>object</kind>
         <file>calc.obj</file>
         <name>calc.obj</name>
      </input_file>
      <input_file id="fl-11">
         <path>.\Inc\APP\Calc\</path>
         <kind>object</kind>
         <file>calc_main.obj</file>
         <name>calc_main.obj</name>
      </input_file>
      <input_file id="fl-12">
         <path>.\Inc\APP\StopWatch\</path>
         <kind>object</kind>
         <file>stopWatch.obj</file>
         <name>stopWatch.obj</name>
      </input_file>
      <input_file id="fl-13">
         <path>.\Inc\HAL\KEYPAD\</path>
         <kind>object</kind>
         <file>keypad.obj</file>
         <name>keypad.obj</name>
      </input_file>
      <input_file id="fl-14">
         <path>.\Inc\HAL\LCD\</path>
         <kind>object</kind>
         <file>lcd.obj</file>
         <name>lcd.obj</name>
      </input_file>
      <input_file id="fl-15">
         <path>.\Inc\HAL\MOTOR\</path>
         <kind>object</kind>
         <file>motor.obj</file>
         <name>motor.obj</name>
      </input_file>
      <input_file id="fl-16">
         <path>.\Inc\HAL\ULTRASONIC\</path>
         <kind>object</kind>
         <file>ultrasonic.obj</file>
         <name>ultrasonic.obj</name>
      </input_file>
      <input_file id="fl-17">
         <path>.\Inc\LIB\</path>
         <kind>object</kind>
         <file>delay.obj</file>
         <name>delay.obj</name>
      </input_file>
      <input_file id="fl-1b">
         <kind>object</kind>
         <file>&lt;internal&gt;</file>
         <name>&lt;internal&gt;</name>
      </input_file>
      <input_file id="fl-d1">
         <path>C:\ti\ccsv7\tools\compiler\ti-cgt-arm_16.9.4.LTS\lib\</path>
         <kind>archive</kind>
         <file>rtsv7M4_T_le_v4SPD16_eabi.lib</file>
         <name>boot.obj</name>
      </input_file>
      <input_file id="fl-d2">
         <path>C:\ti\ccsv7\tools\compiler\ti-cgt-arm_16.9.4.LTS\lib\</path>
         <kind>archive</kind>
         <file>rtsv7M4_T_le_v4SPD16_eabi.lib</file>
         <name>copy_decompress_lzss.obj</name>
      </input_file>
      <input_file id="fl-d3">
         <path>C:\ti\ccsv7\tools\compiler\ti-cgt-arm_16.9.4.LTS\lib\</path>
         <kind>archive</kind>
         <file>rtsv7M4_T_le_v4SPD16_eabi.lib</file>
         <name>copy_decompress_none.obj</name>
      </input_file>
      <input_file id="fl-d4">
         <path>C:\ti\ccsv7\tools\compiler\ti-cgt-arm_16.9.4.LTS\lib\</path>
         <kind>archive</kind>
         <file>rtsv7M4_T_le_v4SPD16_eabi.lib</file>
         <name>copy_zero_init.obj</name>
      </input_file>
      <input_file id="fl-d5">
         <path>C:\ti\ccsv7\tools\compiler\ti-cgt-arm_16.9.4.LTS\lib\</path>
         <kind>archive</kind>
         <file>rtsv7M4_T_le_v4SPD16_eabi.lib</file>
         <name>exit.obj</name>
      </input_file>
      <input_file id="fl-d6">
         <path>C:\ti\ccsv7\tools\compiler\ti-cgt-arm_16.9.4.LTS\lib\</path>
         <kind>archive</kind>
         <file>rtsv7M4_T_le_v4SPD16_eabi.lib</file>
         <name>fd_add_t2.obj</name>
      </input_file>
      <input_file id="fl-d7">
         <path>C:\ti\ccsv7\tools\compiler\ti-cgt-arm_16.9.4.LTS\lib\</path>
         <kind>archive</kind>
         <file>rtsv7M4_T_le_v4SPD16_eabi.lib</file>
         <name>fd_cmp_t2.obj</name>
      </input_file>
      <input_file id="fl-d8">
         <path>C:\ti\ccsv7\tools\compiler\ti-cgt-arm_16.9.4.LTS\lib\</path>
         <kind>archive</kind>
         <file>rtsv7M4_T_le_v4SPD16_eabi.lib</file>
         <name>fd_div_t2.obj</name>
      </input_file>
      <input_file id="fl-d9">
         <path>C:\ti\ccsv7\tools\compiler\ti-cgt-arm_16.9.4.LTS\lib\</path>
         <kind>archive</kind>
         <file>rtsv7M4_T_le_v4SPD16_eabi.lib</file>
         <name>fd_mul_t2.obj</name>
      </input_file>
      <input_file id="fl-da">
         <path>C:\ti\ccsv7\tools\compiler\ti-cgt-arm_16.9.4.LTS\lib\</path>
         <kind>archive</kind>
         <file>rtsv7M4_T_le_v4SPD16_eabi.lib</file>
         <name>fd_tos_t2.obj</name>
      </input_file>
      <input_file id="fl-db">
         <path>C:\ti\ccsv7\tools\compiler\ti-cgt-arm_16.9.4.LTS\lib\</path>
         <kind>archive</kind>
         <file>rtsv7M4_T_le_v4SPD16_eabi.lib</file>
         <name>fd_tou_t2.obj</name>
      </input_file>
      <input_file id="fl-dc">
         <path>C:\ti\ccsv7\tools\compiler\ti-cgt-arm_16.9.4.LTS\lib\</path>
         <kind>archive</kind>
         <file>rtsv7M4_T_le_v4SPD16_eabi.lib</file>
         <name>fs_tod_t2.obj</name>
      </input_file>
      <input_file id="fl-dd">
         <path>C:\ti\ccsv7\tools\compiler\ti-cgt-arm_16.9.4.LTS\lib\</path>
         <kind>archive</kind>
         <file>rtsv7M4_T_le_v4SPD16_eabi.lib</file>
         <name>isdigit.obj</name>
      </input_file>
      <input_file id="fl-de">
         <path>C:\ti\ccsv7\tools\compiler\ti-cgt-arm_16.9.4.LTS\lib\</path>
         <kind>archive</kind>
         <file>rtsv7M4_T_le_v4SPD16_eabi.lib</file>
         <name>memcpy_t2.obj</name>
      </input_file>
      <input_file id="fl-df">
         <path>C:\ti\ccsv7\tools\compiler\ti-cgt-arm_16.9.4.LTS\lib\</path>
         <kind>archive</kind>
         <file>rtsv7M4_T_le_v4SPD16_eabi.lib</file>
         <name>memset_t2.obj</name>
      </input_file>
      <input_file id="fl-e0">
         <path>C:\ti\ccsv7\tools\compiler\ti-cgt-arm_16.9.4.LTS\lib\</path>
         <kind>archive</kind>
         <file>rtsv7M4_T_le_v4SPD16_eabi.lib</file>
         <name>mpu_init.obj</name>
      </input_file>
      <input_file id="fl-e1">
         <path>C:\ti\ccsv7\tools\compiler\ti-cgt-arm_16.9.4.LTS\lib\</path>
         <kind>archive</kind>
         <file>rtsv7M4_T_le_v4SPD16_eabi.lib</file>
         <name>pre_init.obj</name>
      </input_file>
      <input_file id="fl-e2">
         <path>C:\ti\ccsv7\tools\compiler\ti-cgt-arm_16.9.4.LTS\lib\</path>
         <kind>archive</kind>
         <file>rtsv7M4_T_le_v4SPD16_eabi.lib</file>
         <name>stkdepth_vars.obj</name>
      </input_file>
      <input_file id="fl-e3">
         <path>C:\ti\ccsv7\tools\compiler\ti-cgt-arm_16.9.4.LTS\lib\</path>
         <kind>archive</kind>
         <file>rtsv7M4_T_le_v4SPD16_eabi.lib</file>
         <name>strlen.obj</name>
      </input_file>
      <input_file id="fl-e4">
         <path>C:\ti\ccsv7\tools\compiler\ti-cgt-arm_16.9.4.LTS\lib\</path>
         <kind>archive</kind>
         <file>rtsv7M4_T_le_v4SPD16_eabi.lib</file>
         <name>u_tofd_t2.obj</name>
      </input_file>
      <input_file id="fl-e5">
         <path>C:\ti\ccsv7\tools\compiler\ti-cgt-arm_16.9.4.LTS\lib\</path>
         <kind>archive</kind>
         <file>rtsv7M4_T_le_v4SPD16_eabi.lib</file>
         <name>_lock.obj</name>
      </input_file>
      <input_file id="fl-e6">
         <path>C:\ti\ccsv7\tools\compiler\ti-cgt-arm_16.9.4.LTS\lib\</path>
         <kind>archive</kind>
         <file>rtsv7M4_T_le_v4SPD16_eabi.lib</file>
         <name>args_main.obj</name>
      </input_file>
      <input_file id="fl-e7">
         <path>C:\ti\ccsv7\tools\compiler\ti-cgt-arm_16.9.4.LTS\lib\</path>
         <kind>archive</kind>
         <file>rtsv7M4_T_le_v4SPD16_eabi.lib</file>
         <name>autoinit.obj</name>
      </input_file>
      <input_file id="fl-e8">
         <path>C:\ti\ccsv7\tools\compiler\ti-cgt-arm_16.9.4.LTS\lib\</path>
         <kind>archive</kind>
         <file>rtsv7M4_T_le_v4SPD16_eabi.lib</file>
         <name>cpy_tbl.obj</name>
      </input_file>
      <input_file id="fl-e9">
         <path>C:\ti\ccsv7\tools\compiler\ti-cgt-arm_16.9.4.LTS\lib\</path>
         <kind>archive</kind>
         <file>rtsv7M4_T_le_v4SPD16_eabi.lib</file>
         <name>ctype.obj</name>
      </input_file>
      <input_file id="fl-ea">
         <path>C:\ti\ccsv7\tools\compiler\ti-cgt-arm_16.9.4.LTS\lib\</path>
         <kind>archive</kind>
         <file>rtsv7M4_T_le_v4SPD16_eabi.lib</file>
         <name>startup.obj</name>
      </input_file>
   </input_file_list>
   <object_component_list>
      <object_component id="oc-f">
         <name>.intvecs</name>
         <load_address>0x0</load_address>
         <run_address>0x0</run_address>
         <size>0x26c</size>
         <input_file_ref idref="fl-e"/>
      </object_component>
      <object_component id="oc-114">
         <name>.text</name>
         <load_address>0x26c</load_address>
         <run_address>0x26c</run_address>
         <size>0xe98</size>
         <input_file_ref idref="fl-2"/>
      </object_component>
      <object_component id="oc-108">
         <name>.text</name>
         <load_address>0x1104</load_address>
         <run_address>0x1104</run_address>
         <size>0x6ea</size>
         <input_file_ref idref="fl-14"/>
      </object_component>
      <object_component id="oc-63">
         <name>.text</name>
         <load_address>0x17ee</load_address>
         <run_address>0x17ee</run_address>
         <size>0x2</size>
         <input_file_ref idref="fl-e0"/>
      </object_component>
      <object_component id="oc-37">
         <name>.text</name>
         <load_address>0x17f0</load_address>
         <run_address>0x17f0</run_address>
         <size>0x3ac</size>
         <input_file_ref idref="fl-4"/>
      </object_component>
      <object_component id="oc-10e">
         <name>.text</name>
         <load_address>0x1b9c</load_address>
         <run_address>0x1b9c</run_address>
         <size>0x244</size>
         <input_file_ref idref="fl-6"/>
      </object_component>
      <object_component id="oc-178">
         <name>.text</name>
         <load_address>0x1de0</load_address>
         <run_address>0x1de0</run_address>
         <size>0x1b6</size>
         <input_file_ref idref="fl-d6"/>
      </object_component>
      <object_component id="oc-c6">
         <name>.text</name>
         <load_address>0x1f96</load_address>
         <run_address>0x1f96</run_address>
         <size>0x2</size>
         <input_file_ref idref="fl-ea"/>
      </object_component>
      <object_component id="oc-31">
         <name>.text</name>
         <load_address>0x1f98</load_address>
         <run_address>0x1f98</run_address>
         <size>0x194</size>
         <input_file_ref idref="fl-9"/>
      </object_component>
      <object_component id="oc-ce">
         <name>.text</name>
         <load_address>0x212c</load_address>
         <run_address>0x212c</run_address>
         <size>0x13c</size>
         <input_file_ref idref="fl-d"/>
      </object_component>
      <object_component id="oc-166">
         <name>.text</name>
         <load_address>0x2268</load_address>
         <run_address>0x2268</run_address>
         <size>0x136</size>
         <input_file_ref idref="fl-d8"/>
      </object_component>
      <object_component id="oc-161">
         <name>.text</name>
         <load_address>0x239e</load_address>
         <run_address>0x239e</run_address>
         <size>0xfc</size>
         <input_file_ref idref="fl-d9"/>
      </object_component>
      <object_component id="oc-102">
         <name>.text</name>
         <load_address>0x249c</load_address>
         <run_address>0x249c</run_address>
         <size>0xfc</size>
         <input_file_ref idref="fl-16"/>
      </object_component>
      <object_component id="oc-120">
         <name>.text</name>
         <load_address>0x2598</load_address>
         <run_address>0x2598</run_address>
         <size>0xd0</size>
         <input_file_ref idref="fl-8"/>
      </object_component>
      <object_component id="oc-4b">
         <name>.text</name>
         <load_address>0x2668</load_address>
         <run_address>0x2668</run_address>
         <size>0x9c</size>
         <input_file_ref idref="fl-de"/>
      </object_component>
      <object_component id="oc-198">
         <name>.text</name>
         <load_address>0x2704</load_address>
         <run_address>0x2704</run_address>
         <size>0x94</size>
         <input_file_ref idref="fl-15"/>
      </object_component>
      <object_component id="oc-11a">
         <name>.text</name>
         <load_address>0x2798</load_address>
         <run_address>0x2798</run_address>
         <size>0x8c</size>
         <input_file_ref idref="fl-f"/>
      </object_component>
      <object_component id="oc-57">
         <name>.text</name>
         <load_address>0x2824</load_address>
         <run_address>0x2824</run_address>
         <size>0x7a</size>
         <input_file_ref idref="fl-df"/>
      </object_component>
      <object_component id="oc-6f">
         <name>.text</name>
         <load_address>0x28a0</load_address>
         <run_address>0x28a0</run_address>
         <size>0x70</size>
         <input_file_ref idref="fl-e7"/>
      </object_component>
      <object_component id="oc-12">
         <name>.text:decompress:lzss</name>
         <load_address>0x2910</load_address>
         <run_address>0x2910</run_address>
         <size>0x68</size>
         <input_file_ref idref="fl-d2"/>
      </object_component>
      <object_component id="oc-24">
         <name>.text</name>
         <load_address>0x2978</load_address>
         <run_address>0x2978</run_address>
         <size>0x54</size>
         <input_file_ref idref="fl-d1"/>
      </object_component>
      <object_component id="oc-7b">
         <name>.text</name>
         <load_address>0x29cc</load_address>
         <run_address>0x29cc</run_address>
         <size>0x54</size>
         <input_file_ref idref="fl-d5"/>
      </object_component>
      <object_component id="oc-c0">
         <name>.text</name>
         <load_address>0x2a20</load_address>
         <run_address>0x2a20</run_address>
         <size>0x4c</size>
         <input_file_ref idref="fl-e8"/>
      </object_component>
      <object_component id="oc-16b">
         <name>.text</name>
         <load_address>0x2a6c</load_address>
         <run_address>0x2a6c</run_address>
         <size>0x44</size>
         <input_file_ref idref="fl-db"/>
      </object_component>
      <object_component id="oc-172">
         <name>.text</name>
         <load_address>0x2ab0</load_address>
         <run_address>0x2ab0</run_address>
         <size>0x24</size>
         <input_file_ref idref="fl-17"/>
      </object_component>
      <object_component id="oc-15c">
         <name>.text</name>
         <load_address>0x2ad4</load_address>
         <run_address>0x2ad4</run_address>
         <size>0x20</size>
         <input_file_ref idref="fl-e4"/>
      </object_component>
      <object_component id="oc-75">
         <name>.text</name>
         <load_address>0x2af4</load_address>
         <run_address>0x2af4</run_address>
         <size>0x18</size>
         <input_file_ref idref="fl-e6"/>
      </object_component>
      <object_component id="oc-142">
         <name>.text</name>
         <load_address>0x2b0c</load_address>
         <run_address>0x2b0c</run_address>
         <size>0x14</size>
         <input_file_ref idref="fl-e5"/>
      </object_component>
      <object_component id="oc-18">
         <name>.text:decompress:none</name>
         <load_address>0x2b20</load_address>
         <run_address>0x2b20</run_address>
         <size>0xe</size>
         <input_file_ref idref="fl-d3"/>
      </object_component>
      <object_component id="oc-1e">
         <name>.text:decompress:ZI</name>
         <load_address>0x2b2e</load_address>
         <run_address>0x2b2e</run_address>
         <size>0xc</size>
         <input_file_ref idref="fl-d4"/>
      </object_component>
      <object_component id="oc-2b">
         <name>.text</name>
         <load_address>0x2b3a</load_address>
         <run_address>0x2b3a</run_address>
         <size>0xc</size>
         <input_file_ref idref="fl-e"/>
      </object_component>
      <object_component id="oc-69">
         <name>.text</name>
         <load_address>0x2b46</load_address>
         <run_address>0x2b46</run_address>
         <size>0x4</size>
         <input_file_ref idref="fl-e1"/>
      </object_component>
      <object_component id="oc-132">
         <name>.const:portConfig</name>
         <load_address>0x2b4c</load_address>
         <run_address>0x2b4c</run_address>
         <size>0x102</size>
         <input_file_ref idref="fl-3"/>
      </object_component>
      <object_component id="oc-95">
         <name>.const:gptConfig</name>
         <load_address>0x2c4e</load_address>
         <run_address>0x2c4e</run_address>
         <size>0x30</size>
         <input_file_ref idref="fl-5"/>
      </object_component>
      <object_component id="oc-12f">
         <name>.const:SCBConfig</name>
         <load_address>0x2c80</load_address>
         <run_address>0x2c80</run_address>
         <size>0x10</size>
         <input_file_ref idref="fl-7"/>
      </object_component>
      <object_component id="oc-135">
         <name>.const:SYSTIC_Config</name>
         <load_address>0x2c90</load_address>
         <run_address>0x2c90</run_address>
         <size>0x3</size>
         <input_file_ref idref="fl-a"/>
      </object_component>
      <object_component id="oc-215">
         <name>.cinit..data.load</name>
         <load_address>0x2c98</load_address>
         <run_address>0x2c98</run_address>
         <size>0x33</size>
      </object_component>
      <object_component id="oc-213">
         <name>__TI_handler_table</name>
         <load_address>0x2ccc</load_address>
         <run_address>0x2ccc</run_address>
         <size>0xc</size>
      </object_component>
      <object_component id="oc-216">
         <name>.cinit..bss.load</name>
         <load_address>0x2cd8</load_address>
         <run_address>0x2cd8</run_address>
         <size>0x8</size>
      </object_component>
      <object_component id="oc-214">
         <name>__TI_cinit_table</name>
         <load_address>0x2ce0</load_address>
         <run_address>0x2ce0</run_address>
         <size>0x10</size>
      </object_component>
      <object_component id="oc-184">
         <name>.data</name>
         <load_address>0x200002ac</load_address>
         <run_address>0x200002ac</run_address>
         <size>0x5</size>
         <input_file_ref idref="fl-6"/>
      </object_component>
      <object_component id="oc-187">
         <name>.data:SCB_ActivatedClockGates</name>
         <load_address>0x20000284</load_address>
         <run_address>0x20000284</run_address>
         <size>0xc</size>
         <input_file_ref idref="fl-7"/>
      </object_component>
      <object_component id="oc-86">
         <name>.data</name>
         <load_address>0x200002a4</load_address>
         <run_address>0x200002a4</run_address>
         <size>0x8</size>
         <input_file_ref idref="fl-9"/>
      </object_component>
      <object_component id="oc-129">
         <name>.data:ultraSonic1</name>
         <load_address>0x200002b9</load_address>
         <run_address>0x200002b9</run_address>
         <size>0x2</size>
         <input_file_ref idref="fl-d"/>
      </object_component>
      <object_component id="oc-12c">
         <name>.data:lcd_car</name>
         <load_address>0x20000290</load_address>
         <run_address>0x20000290</run_address>
         <size>0xb</size>
         <input_file_ref idref="fl-d"/>
      </object_component>
      <object_component id="oc-19e">
         <name>.data:LEFT_SIDE</name>
         <load_address>0x200002b1</load_address>
         <run_address>0x200002b1</run_address>
         <size>0x4</size>
         <input_file_ref idref="fl-f"/>
      </object_component>
      <object_component id="oc-1a1">
         <name>.data:RIGHT_SIDE</name>
         <load_address>0x200002b5</load_address>
         <run_address>0x200002b5</run_address>
         <size>0x4</size>
         <input_file_ref idref="fl-f"/>
      </object_component>
      <object_component id="oc-d6">
         <name>.data:$O1$$</name>
         <load_address>0x20000278</load_address>
         <run_address>0x20000278</run_address>
         <size>0xc</size>
         <input_file_ref idref="fl-d5"/>
      </object_component>
      <object_component id="oc-81">
         <name>.data</name>
         <load_address>0x200002bc</load_address>
         <run_address>0x200002bc</run_address>
         <size>0x4</size>
         <input_file_ref idref="fl-e2"/>
      </object_component>
      <object_component id="oc-d9">
         <name>.data:$O1$$</name>
         <load_address>0x2000029c</load_address>
         <run_address>0x2000029c</run_address>
         <size>0x8</size>
         <input_file_ref idref="fl-e5"/>
      </object_component>
      <object_component id="oc-92">
         <name>.bss:isr_timer</name>
         <uninitialized>true</uninitialized>
         <run_address>0x20000200</run_address>
         <size>0x30</size>
         <input_file_ref idref="fl-4"/>
      </object_component>
      <object_component id="oc-1a5">
         <name>.bss:TASKS</name>
         <uninitialized>true</uninitialized>
         <run_address>0x20000260</run_address>
         <size>0x10</size>
         <input_file_ref idref="fl-8"/>
      </object_component>
      <object_component id="oc-1a8">
         <name>.bss</name>
         <uninitialized>true</uninitialized>
         <run_address>0x20000274</run_address>
         <size>0x2</size>
         <input_file_ref idref="fl-8"/>
      </object_component>
      <object_component id="oc-98">
         <name>.common:captured_val</name>
         <uninitialized>true</uninitialized>
         <run_address>0x20000230</run_address>
         <size>0x30</size>
      </object_component>
      <object_component id="oc-89">
         <name>.common:SYSTICK_u8ModeOfInterval</name>
         <uninitialized>true</uninitialized>
         <run_address>0x20000276</run_address>
         <size>0x1</size>
      </object_component>
      <object_component id="oc-126">
         <name>.common:destance</name>
         <uninitialized>true</uninitialized>
         <run_address>0x20000270</run_address>
         <size>0x4</size>
      </object_component>
      <object_component id="oc-2a">
         <name>.stack</name>
         <uninitialized>true</uninitialized>
         <run_address>0x20000000</run_address>
         <size>0x0</size>
         <input_file_ref idref="fl-d1"/>
      </object_component>
      <object_component id="oc-217">
         <name>.stack</name>
         <uninitialized>true</uninitialized>
         <run_address>0x20000000</run_address>
         <size>0x0</size>
      </object_component>
      <object_component id="oc-197">
         <name>.debug_info</name>
         <load_address>0x0</load_address>
         <run_address>0x0</run_address>
         <size>0x25f</size>
         <input_file_ref idref="fl-2"/>
      </object_component>
      <object_component id="oc-115">
         <name>.debug_info</name>
         <load_address>0x25f</load_address>
         <run_address>0x25f</run_address>
         <size>0x7c4</size>
         <input_file_ref idref="fl-2"/>
      </object_component>
      <object_component id="oc-192">
         <name>.debug_info</name>
         <load_address>0xa23</load_address>
         <run_address>0xa23</run_address>
         <size>0x3cc</size>
         <input_file_ref idref="fl-2"/>
      </object_component>
      <object_component id="oc-8d">
         <name>.debug_info</name>
         <load_address>0xdef</load_address>
         <run_address>0xdef</run_address>
         <size>0xd9</size>
         <input_file_ref idref="fl-2"/>
      </object_component>
      <object_component id="oc-46">
         <name>.debug_info</name>
         <load_address>0xec8</load_address>
         <run_address>0xec8</run_address>
         <size>0x84</size>
         <input_file_ref idref="fl-2"/>
      </object_component>
      <object_component id="oc-1bd">
         <name>.debug_info</name>
         <load_address>0xf4c</load_address>
         <run_address>0xf4c</run_address>
         <size>0xd5</size>
         <input_file_ref idref="fl-3"/>
      </object_component>
      <object_component id="oc-133">
         <name>.debug_info</name>
         <load_address>0x1021</load_address>
         <run_address>0x1021</run_address>
         <size>0xe6</size>
         <input_file_ref idref="fl-3"/>
      </object_component>
      <object_component id="oc-99">
         <name>.debug_info</name>
         <load_address>0x1107</load_address>
         <run_address>0x1107</run_address>
         <size>0x2e1</size>
         <input_file_ref idref="fl-4"/>
      </object_component>
      <object_component id="oc-93">
         <name>.debug_info</name>
         <load_address>0x13e8</load_address>
         <run_address>0x13e8</run_address>
         <size>0xdb</size>
         <input_file_ref idref="fl-4"/>
      </object_component>
      <object_component id="oc-38">
         <name>.debug_info</name>
         <load_address>0x14c3</load_address>
         <run_address>0x14c3</run_address>
         <size>0x77c</size>
         <input_file_ref idref="fl-4"/>
      </object_component>
      <object_component id="oc-9c">
         <name>.debug_info</name>
         <load_address>0x1c3f</load_address>
         <run_address>0x1c3f</run_address>
         <size>0x1f4</size>
         <input_file_ref idref="fl-4"/>
      </object_component>
      <object_component id="oc-ee">
         <name>.debug_info</name>
         <load_address>0x1e33</load_address>
         <run_address>0x1e33</run_address>
         <size>0xd3</size>
         <input_file_ref idref="fl-5"/>
      </object_component>
      <object_component id="oc-96">
         <name>.debug_info</name>
         <load_address>0x1f06</load_address>
         <run_address>0x1f06</run_address>
         <size>0xe3</size>
         <input_file_ref idref="fl-5"/>
      </object_component>
      <object_component id="oc-18b">
         <name>.debug_info</name>
         <load_address>0x1fe9</load_address>
         <run_address>0x1fe9</run_address>
         <size>0x2a9</size>
         <input_file_ref idref="fl-6"/>
      </object_component>
      <object_component id="oc-185">
         <name>.debug_info</name>
         <load_address>0x2292</load_address>
         <run_address>0x2292</run_address>
         <size>0x107</size>
         <input_file_ref idref="fl-6"/>
      </object_component>
      <object_component id="oc-10f">
         <name>.debug_info</name>
         <load_address>0x2399</load_address>
         <run_address>0x2399</run_address>
         <size>0x424</size>
         <input_file_ref idref="fl-6"/>
      </object_component>
      <object_component id="oc-18c">
         <name>.debug_info</name>
         <load_address>0x27bd</load_address>
         <run_address>0x27bd</run_address>
         <size>0x11c</size>
         <input_file_ref idref="fl-6"/>
      </object_component>
      <object_component id="oc-1ba">
         <name>.debug_info</name>
         <load_address>0x28d9</load_address>
         <run_address>0x28d9</run_address>
         <size>0xe1</size>
         <input_file_ref idref="fl-7"/>
      </object_component>
      <object_component id="oc-188">
         <name>.debug_info</name>
         <load_address>0x29ba</load_address>
         <run_address>0x29ba</run_address>
         <size>0xff</size>
         <input_file_ref idref="fl-7"/>
      </object_component>
      <object_component id="oc-130">
         <name>.debug_info</name>
         <load_address>0x2ab9</load_address>
         <run_address>0x2ab9</run_address>
         <size>0xe3</size>
         <input_file_ref idref="fl-7"/>
      </object_component>
      <object_component id="oc-1ac">
         <name>.debug_info</name>
         <load_address>0x2b9c</load_address>
         <run_address>0x2b9c</run_address>
         <size>0x2c2</size>
         <input_file_ref idref="fl-8"/>
      </object_component>
      <object_component id="oc-1a6">
         <name>.debug_info</name>
         <load_address>0x2e5e</load_address>
         <run_address>0x2e5e</run_address>
         <size>0xd9</size>
         <input_file_ref idref="fl-8"/>
      </object_component>
      <object_component id="oc-1a9">
         <name>.debug_info</name>
         <load_address>0x2f37</load_address>
         <run_address>0x2f37</run_address>
         <size>0xd9</size>
         <input_file_ref idref="fl-8"/>
      </object_component>
      <object_component id="oc-124">
         <name>.debug_info</name>
         <load_address>0x3010</load_address>
         <run_address>0x3010</run_address>
         <size>0x2df</size>
         <input_file_ref idref="fl-8"/>
      </object_component>
      <object_component id="oc-e5">
         <name>.debug_info</name>
         <load_address>0x32ef</load_address>
         <run_address>0x32ef</run_address>
         <size>0xed</size>
         <input_file_ref idref="fl-8"/>
      </object_component>
      <object_component id="oc-1e7">
         <name>.debug_info</name>
         <load_address>0x33dc</load_address>
         <run_address>0x33dc</run_address>
         <size>0x72</size>
         <input_file_ref idref="fl-8"/>
      </object_component>
      <object_component id="oc-8a">
         <name>.debug_info</name>
         <load_address>0x344e</load_address>
         <run_address>0x344e</run_address>
         <size>0x2b6</size>
         <input_file_ref idref="fl-9"/>
      </object_component>
      <object_component id="oc-87">
         <name>.debug_info</name>
         <load_address>0x3704</load_address>
         <run_address>0x3704</run_address>
         <size>0x10c</size>
         <input_file_ref idref="fl-9"/>
      </object_component>
      <object_component id="oc-32">
         <name>.debug_info</name>
         <load_address>0x3810</load_address>
         <run_address>0x3810</run_address>
         <size>0x314</size>
         <input_file_ref idref="fl-9"/>
      </object_component>
      <object_component id="oc-1c0">
         <name>.debug_info</name>
         <load_address>0x3b24</load_address>
         <run_address>0x3b24</run_address>
         <size>0xd7</size>
         <input_file_ref idref="fl-a"/>
      </object_component>
      <object_component id="oc-136">
         <name>.debug_info</name>
         <load_address>0x3bfb</load_address>
         <run_address>0x3bfb</run_address>
         <size>0xef</size>
         <input_file_ref idref="fl-a"/>
      </object_component>
      <object_component id="oc-127">
         <name>.debug_info</name>
         <load_address>0x3cea</load_address>
         <run_address>0x3cea</run_address>
         <size>0x647</size>
         <input_file_ref idref="fl-d"/>
      </object_component>
      <object_component id="oc-12a">
         <name>.debug_info</name>
         <load_address>0x4331</load_address>
         <run_address>0x4331</run_address>
         <size>0xe1</size>
         <input_file_ref idref="fl-d"/>
      </object_component>
      <object_component id="oc-12d">
         <name>.debug_info</name>
         <load_address>0x4412</load_address>
         <run_address>0x4412</run_address>
         <size>0xd9</size>
         <input_file_ref idref="fl-d"/>
      </object_component>
      <object_component id="oc-cf">
         <name>.debug_info</name>
         <load_address>0x44eb</load_address>
         <run_address>0x44eb</run_address>
         <size>0x389</size>
         <input_file_ref idref="fl-d"/>
      </object_component>
      <object_component id="oc-17f">
         <name>.debug_info</name>
         <load_address>0x4874</load_address>
         <run_address>0x4874</run_address>
         <size>0x1b5</size>
         <input_file_ref idref="fl-d"/>
      </object_component>
      <object_component id="oc-1d8">
         <name>.debug_info</name>
         <load_address>0x4a29</load_address>
         <run_address>0x4a29</run_address>
         <size>0xb8</size>
         <input_file_ref idref="fl-d"/>
      </object_component>
      <object_component id="oc-1af">
         <name>.debug_info</name>
         <load_address>0x4ae1</load_address>
         <run_address>0x4ae1</run_address>
         <size>0x5e</size>
         <input_file_ref idref="fl-d"/>
      </object_component>
      <object_component id="oc-3f">
         <name>.debug_info</name>
         <load_address>0x4b3f</load_address>
         <run_address>0x4b3f</run_address>
         <size>0x33e</size>
         <input_file_ref idref="fl-e"/>
      </object_component>
      <object_component id="oc-10">
         <name>.debug_info</name>
         <load_address>0x4e7d</load_address>
         <run_address>0x4e7d</run_address>
         <size>0xf7</size>
         <input_file_ref idref="fl-e"/>
      </object_component>
      <object_component id="oc-2c">
         <name>.debug_info</name>
         <load_address>0x4f74</load_address>
         <run_address>0x4f74</run_address>
         <size>0x273</size>
         <input_file_ref idref="fl-e"/>
      </object_component>
      <object_component id="oc-a3">
         <name>.debug_info</name>
         <load_address>0x51e7</load_address>
         <run_address>0x51e7</run_address>
         <size>0x18b</size>
         <input_file_ref idref="fl-e"/>
      </object_component>
      <object_component id="oc-19f">
         <name>.debug_info</name>
         <load_address>0x5372</load_address>
         <run_address>0x5372</run_address>
         <size>0xfc</size>
         <input_file_ref idref="fl-f"/>
      </object_component>
      <object_component id="oc-1a2">
         <name>.debug_info</name>
         <load_address>0x546e</load_address>
         <run_address>0x546e</run_address>
         <size>0xfe</size>
         <input_file_ref idref="fl-f"/>
      </object_component>
      <object_component id="oc-11b">
         <name>.debug_info</name>
         <load_address>0x556c</load_address>
         <run_address>0x556c</run_address>
         <size>0x5b4</size>
         <input_file_ref idref="fl-f"/>
      </object_component>
      <object_component id="oc-b7">
         <name>.debug_info</name>
         <load_address>0x5b20</load_address>
         <run_address>0x5b20</run_address>
         <size>0x2c</size>
         <input_file_ref idref="fl-10"/>
      </object_component>
      <object_component id="oc-17e">
         <name>.debug_info</name>
         <load_address>0x5b4c</load_address>
         <run_address>0x5b4c</run_address>
         <size>0x2df</size>
         <input_file_ref idref="fl-14"/>
      </object_component>
      <object_component id="oc-109">
         <name>.debug_info</name>
         <load_address>0x5e2b</load_address>
         <run_address>0x5e2b</run_address>
         <size>0x11d3</size>
         <input_file_ref idref="fl-14"/>
      </object_component>
      <object_component id="oc-1d7">
         <name>.debug_info</name>
         <load_address>0x6ffe</load_address>
         <run_address>0x6ffe</run_address>
         <size>0x2cb</size>
         <input_file_ref idref="fl-15"/>
      </object_component>
      <object_component id="oc-199">
         <name>.debug_info</name>
         <load_address>0x72c9</load_address>
         <run_address>0x72c9</run_address>
         <size>0x303</size>
         <input_file_ref idref="fl-15"/>
      </object_component>
      <object_component id="oc-171">
         <name>.debug_info</name>
         <load_address>0x75cc</load_address>
         <run_address>0x75cc</run_address>
         <size>0x36f</size>
         <input_file_ref idref="fl-16"/>
      </object_component>
      <object_component id="oc-103">
         <name>.debug_info</name>
         <load_address>0x793b</load_address>
         <run_address>0x793b</run_address>
         <size>0x3c9</size>
         <input_file_ref idref="fl-16"/>
      </object_component>
      <object_component id="oc-175">
         <name>.debug_info</name>
         <load_address>0x7d04</load_address>
         <run_address>0x7d04</run_address>
         <size>0x159</size>
         <input_file_ref idref="fl-17"/>
      </object_component>
      <object_component id="oc-27">
         <name>.debug_info</name>
         <load_address>0x7e5d</load_address>
         <run_address>0x7e5d</run_address>
         <size>0x160</size>
         <input_file_ref idref="fl-d1"/>
      </object_component>
      <object_component id="oc-ad">
         <name>.debug_info</name>
         <load_address>0x7fbd</load_address>
         <run_address>0x7fbd</run_address>
         <size>0x293</size>
         <input_file_ref idref="fl-d2"/>
      </object_component>
      <object_component id="oc-13">
         <name>.debug_info</name>
         <load_address>0x8250</load_address>
         <run_address>0x8250</run_address>
         <size>0x245</size>
         <input_file_ref idref="fl-d2"/>
      </object_component>
      <object_component id="oc-41">
         <name>.debug_info</name>
         <load_address>0x8495</load_address>
         <run_address>0x8495</run_address>
         <size>0x60</size>
         <input_file_ref idref="fl-d2"/>
      </object_component>
      <object_component id="oc-a8">
         <name>.debug_info</name>
         <load_address>0x84f5</load_address>
         <run_address>0x84f5</run_address>
         <size>0x46</size>
         <input_file_ref idref="fl-d2"/>
      </object_component>
      <object_component id="oc-56">
         <name>.debug_info</name>
         <load_address>0x853b</load_address>
         <run_address>0x853b</run_address>
         <size>0x2da</size>
         <input_file_ref idref="fl-d3"/>
      </object_component>
      <object_component id="oc-19">
         <name>.debug_info</name>
         <load_address>0x8815</load_address>
         <run_address>0x8815</run_address>
         <size>0x1df</size>
         <input_file_ref idref="fl-d3"/>
      </object_component>
      <object_component id="oc-51">
         <name>.debug_info</name>
         <load_address>0x89f4</load_address>
         <run_address>0x89f4</run_address>
         <size>0x46</size>
         <input_file_ref idref="fl-d3"/>
      </object_component>
      <object_component id="oc-af">
         <name>.debug_info</name>
         <load_address>0x8a3a</load_address>
         <run_address>0x8a3a</run_address>
         <size>0x2c</size>
         <input_file_ref idref="fl-d3"/>
      </object_component>
      <object_component id="oc-62">
         <name>.debug_info</name>
         <load_address>0x8a66</load_address>
         <run_address>0x8a66</run_address>
         <size>0x2c9</size>
         <input_file_ref idref="fl-d4"/>
      </object_component>
      <object_component id="oc-22">
         <name>.debug_info</name>
         <load_address>0x8d2f</load_address>
         <run_address>0x8d2f</run_address>
         <size>0x1aa</size>
         <input_file_ref idref="fl-d4"/>
      </object_component>
      <object_component id="oc-5d">
         <name>.debug_info</name>
         <load_address>0x8ed9</load_address>
         <run_address>0x8ed9</run_address>
         <size>0x46</size>
         <input_file_ref idref="fl-d4"/>
      </object_component>
      <object_component id="oc-dd">
         <name>.debug_info</name>
         <load_address>0x8f1f</load_address>
         <run_address>0x8f1f</run_address>
         <size>0x3ce</size>
         <input_file_ref idref="fl-d5"/>
      </object_component>
      <object_component id="oc-d7">
         <name>.debug_info</name>
         <load_address>0x92ed</load_address>
         <run_address>0x92ed</run_address>
         <size>0x185</size>
         <input_file_ref idref="fl-d5"/>
      </object_component>
      <object_component id="oc-7c">
         <name>.debug_info</name>
         <load_address>0x9472</load_address>
         <run_address>0x9472</run_address>
         <size>0x214</size>
         <input_file_ref idref="fl-d5"/>
      </object_component>
      <object_component id="oc-179">
         <name>.debug_info</name>
         <load_address>0x9686</load_address>
         <run_address>0x9686</run_address>
         <size>0x144</size>
         <input_file_ref idref="fl-d6"/>
      </object_component>
      <object_component id="oc-169">
         <name>.debug_info</name>
         <load_address>0x97ca</load_address>
         <run_address>0x97ca</run_address>
         <size>0x132</size>
         <input_file_ref idref="fl-d8"/>
      </object_component>
      <object_component id="oc-162">
         <name>.debug_info</name>
         <load_address>0x98fc</load_address>
         <run_address>0x98fc</run_address>
         <size>0x132</size>
         <input_file_ref idref="fl-d9"/>
      </object_component>
      <object_component id="oc-16c">
         <name>.debug_info</name>
         <load_address>0x9a2e</load_address>
         <run_address>0x9a2e</run_address>
         <size>0x131</size>
         <input_file_ref idref="fl-db"/>
      </object_component>
      <object_component id="oc-4c">
         <name>.debug_info</name>
         <load_address>0x9b5f</load_address>
         <run_address>0x9b5f</run_address>
         <size>0x111</size>
         <input_file_ref idref="fl-de"/>
      </object_component>
      <object_component id="oc-58">
         <name>.debug_info</name>
         <load_address>0x9c70</load_address>
         <run_address>0x9c70</run_address>
         <size>0x13f</size>
         <input_file_ref idref="fl-df"/>
      </object_component>
      <object_component id="oc-65">
         <name>.debug_info</name>
         <load_address>0x9daf</load_address>
         <run_address>0x9daf</run_address>
         <size>0x138</size>
         <input_file_ref idref="fl-e0"/>
      </object_component>
      <object_component id="oc-6d">
         <name>.debug_info</name>
         <load_address>0x9ee7</load_address>
         <run_address>0x9ee7</run_address>
         <size>0x148</size>
         <input_file_ref idref="fl-e1"/>
      </object_component>
      <object_component id="oc-82">
         <name>.debug_info</name>
         <load_address>0xa02f</load_address>
         <run_address>0xa02f</run_address>
         <size>0x109</size>
         <input_file_ref idref="fl-e2"/>
      </object_component>
      <object_component id="oc-15d">
         <name>.debug_info</name>
         <load_address>0xa138</load_address>
         <run_address>0xa138</run_address>
         <size>0x126</size>
         <input_file_ref idref="fl-e4"/>
      </object_component>
      <object_component id="oc-14a">
         <name>.debug_info</name>
         <load_address>0xa25e</load_address>
         <run_address>0xa25e</run_address>
         <size>0x2be</size>
         <input_file_ref idref="fl-e5"/>
      </object_component>
      <object_component id="oc-da">
         <name>.debug_info</name>
         <load_address>0xa51c</load_address>
         <run_address>0xa51c</run_address>
         <size>0x113</size>
         <input_file_ref idref="fl-e5"/>
      </object_component>
      <object_component id="oc-143">
         <name>.debug_info</name>
         <load_address>0xa62f</load_address>
         <run_address>0xa62f</run_address>
         <size>0x21f</size>
         <input_file_ref idref="fl-e5"/>
      </object_component>
      <object_component id="oc-d5">
         <name>.debug_info</name>
         <load_address>0xa84e</load_address>
         <run_address>0xa84e</run_address>
         <size>0x300</size>
         <input_file_ref idref="fl-e6"/>
      </object_component>
      <object_component id="oc-79">
         <name>.debug_info</name>
         <load_address>0xab4e</load_address>
         <run_address>0xab4e</run_address>
         <size>0x167</size>
         <input_file_ref idref="fl-e6"/>
      </object_component>
      <object_component id="oc-13b">
         <name>.debug_info</name>
         <load_address>0xacb5</load_address>
         <run_address>0xacb5</run_address>
         <size>0x5e</size>
         <input_file_ref idref="fl-e6"/>
      </object_component>
      <object_component id="oc-cd">
         <name>.debug_info</name>
         <load_address>0xad13</load_address>
         <run_address>0xad13</run_address>
         <size>0x483</size>
         <input_file_ref idref="fl-e7"/>
      </object_component>
      <object_component id="oc-71">
         <name>.debug_info</name>
         <load_address>0xb196</load_address>
         <run_address>0xb196</run_address>
         <size>0x190</size>
         <input_file_ref idref="fl-e7"/>
      </object_component>
      <object_component id="oc-f8">
         <name>.debug_info</name>
         <load_address>0xb326</load_address>
         <run_address>0xb326</run_address>
         <size>0x39</size>
         <input_file_ref idref="fl-e7"/>
      </object_component>
      <object_component id="oc-157">
         <name>.debug_info</name>
         <load_address>0xb35f</load_address>
         <run_address>0xb35f</run_address>
         <size>0x39</size>
         <input_file_ref idref="fl-e7"/>
      </object_component>
      <object_component id="oc-fd">
         <name>.debug_info</name>
         <load_address>0xb398</load_address>
         <run_address>0xb398</run_address>
         <size>0xcd</size>
         <input_file_ref idref="fl-e7"/>
      </object_component>
      <object_component id="oc-f4">
         <name>.debug_info</name>
         <load_address>0xb465</load_address>
         <run_address>0xb465</run_address>
         <size>0x37a</size>
         <input_file_ref idref="fl-e8"/>
      </object_component>
      <object_component id="oc-c1">
         <name>.debug_info</name>
         <load_address>0xb7df</load_address>
         <run_address>0xb7df</run_address>
         <size>0x183</size>
         <input_file_ref idref="fl-e8"/>
      </object_component>
      <object_component id="oc-152">
         <name>.debug_info</name>
         <load_address>0xb962</load_address>
         <run_address>0xb962</run_address>
         <size>0x2c</size>
         <input_file_ref idref="fl-e8"/>
      </object_component>
      <object_component id="oc-ca">
         <name>.debug_info</name>
         <load_address>0xb98e</load_address>
         <run_address>0xb98e</run_address>
         <size>0x145</size>
         <input_file_ref idref="fl-ea"/>
      </object_component>
      <object_component id="oc-218">
         <name>.debug_info</name>
         <load_address>0xbad3</load_address>
         <run_address>0xbad3</run_address>
         <size>0xad</size>
      </object_component>
      <object_component id="oc-1d5">
         <name>.debug_line</name>
         <load_address>0x0</load_address>
         <run_address>0x0</run_address>
         <size>0x20</size>
         <input_file_ref idref="fl-2"/>
      </object_component>
      <object_component id="oc-118">
         <name>.debug_line</name>
         <load_address>0x20</load_address>
         <run_address>0x20</run_address>
         <size>0x4d9</size>
         <input_file_ref idref="fl-2"/>
      </object_component>
      <object_component id="oc-195">
         <name>.debug_line</name>
         <load_address>0x4f9</load_address>
         <run_address>0x4f9</run_address>
         <size>0x45</size>
         <input_file_ref idref="fl-2"/>
      </object_component>
      <object_component id="oc-90">
         <name>.debug_line</name>
         <load_address>0x53e</load_address>
         <run_address>0x53e</run_address>
         <size>0x51</size>
         <input_file_ref idref="fl-2"/>
      </object_component>
      <object_component id="oc-49">
         <name>.debug_line</name>
         <load_address>0x58f</load_address>
         <run_address>0x58f</run_address>
         <size>0x20</size>
         <input_file_ref idref="fl-2"/>
      </object_component>
      <object_component id="oc-1ef">
         <name>.debug_line</name>
         <load_address>0x5af</load_address>
         <run_address>0x5af</run_address>
         <size>0x20</size>
         <input_file_ref idref="fl-3"/>
      </object_component>
      <object_component id="oc-1bc">
         <name>.debug_line</name>
         <load_address>0x5cf</load_address>
         <run_address>0x5cf</run_address>
         <size>0x34</size>
         <input_file_ref idref="fl-3"/>
      </object_component>
      <object_component id="oc-f0">
         <name>.debug_line</name>
         <load_address>0x603</load_address>
         <run_address>0x603</run_address>
         <size>0x2c</size>
         <input_file_ref idref="fl-4"/>
      </object_component>
      <object_component id="oc-eb">
         <name>.debug_line</name>
         <load_address>0x62f</load_address>
         <run_address>0x62f</run_address>
         <size>0x2c</size>
         <input_file_ref idref="fl-4"/>
      </object_component>
      <object_component id="oc-3b">
         <name>.debug_line</name>
         <load_address>0x65b</load_address>
         <run_address>0x65b</run_address>
         <size>0x22d</size>
         <input_file_ref idref="fl-4"/>
      </object_component>
      <object_component id="oc-9f">
         <name>.debug_line</name>
         <load_address>0x888</load_address>
         <run_address>0x888</run_address>
         <size>0x43</size>
         <input_file_ref idref="fl-4"/>
      </object_component>
      <object_component id="oc-14f">
         <name>.debug_line</name>
         <load_address>0x8cb</load_address>
         <run_address>0x8cb</run_address>
         <size>0x20</size>
         <input_file_ref idref="fl-5"/>
      </object_component>
      <object_component id="oc-ed">
         <name>.debug_line</name>
         <load_address>0x8eb</load_address>
         <run_address>0x8eb</run_address>
         <size>0x33</size>
         <input_file_ref idref="fl-5"/>
      </object_component>
      <object_component id="oc-1d3">
         <name>.debug_line</name>
         <load_address>0x91e</load_address>
         <run_address>0x91e</run_address>
         <size>0x43</size>
         <input_file_ref idref="fl-6"/>
      </object_component>
      <object_component id="oc-1cf">
         <name>.debug_line</name>
         <load_address>0x961</load_address>
         <run_address>0x961</run_address>
         <size>0x2c</size>
         <input_file_ref idref="fl-6"/>
      </object_component>
      <object_component id="oc-113">
         <name>.debug_line</name>
         <load_address>0x98d</load_address>
         <run_address>0x98d</run_address>
         <size>0x132</size>
         <input_file_ref idref="fl-6"/>
      </object_component>
      <object_component id="oc-18f">
         <name>.debug_line</name>
         <load_address>0xabf</load_address>
         <run_address>0xabf</run_address>
         <size>0x43</size>
         <input_file_ref idref="fl-6"/>
      </object_component>
      <object_component id="oc-1ed">
         <name>.debug_line</name>
         <load_address>0xb02</load_address>
         <run_address>0xb02</run_address>
         <size>0x20</size>
         <input_file_ref idref="fl-7"/>
      </object_component>
      <object_component id="oc-1d1">
         <name>.debug_line</name>
         <load_address>0xb22</load_address>
         <run_address>0xb22</run_address>
         <size>0x33</size>
         <input_file_ref idref="fl-7"/>
      </object_component>
      <object_component id="oc-1b9">
         <name>.debug_line</name>
         <load_address>0xb55</load_address>
         <run_address>0xb55</run_address>
         <size>0x33</size>
         <input_file_ref idref="fl-7"/>
      </object_component>
      <object_component id="oc-1e6">
         <name>.debug_line</name>
         <load_address>0xb88</load_address>
         <run_address>0xb88</run_address>
         <size>0x4b</size>
         <input_file_ref idref="fl-8"/>
      </object_component>
      <object_component id="oc-1e2">
         <name>.debug_line</name>
         <load_address>0xbd3</load_address>
         <run_address>0xbd3</run_address>
         <size>0x32</size>
         <input_file_ref idref="fl-8"/>
      </object_component>
      <object_component id="oc-1e4">
         <name>.debug_line</name>
         <load_address>0xc05</load_address>
         <run_address>0xc05</run_address>
         <size>0x32</size>
         <input_file_ref idref="fl-8"/>
      </object_component>
      <object_component id="oc-123">
         <name>.debug_line</name>
         <load_address>0xc37</load_address>
         <run_address>0xc37</run_address>
         <size>0x9d</size>
         <input_file_ref idref="fl-8"/>
      </object_component>
      <object_component id="oc-e8">
         <name>.debug_line</name>
         <load_address>0xcd4</load_address>
         <run_address>0xcd4</run_address>
         <size>0x4b</size>
         <input_file_ref idref="fl-8"/>
      </object_component>
      <object_component id="oc-1ea">
         <name>.debug_line</name>
         <load_address>0xd1f</load_address>
         <run_address>0xd1f</run_address>
         <size>0x53</size>
         <input_file_ref idref="fl-8"/>
      </object_component>
      <object_component id="oc-e4">
         <name>.debug_line</name>
         <load_address>0xd72</load_address>
         <run_address>0xd72</run_address>
         <size>0x30</size>
         <input_file_ref idref="fl-9"/>
      </object_component>
      <object_component id="oc-e2">
         <name>.debug_line</name>
         <load_address>0xda2</load_address>
         <run_address>0xda2</run_address>
         <size>0x30</size>
         <input_file_ref idref="fl-9"/>
      </object_component>
      <object_component id="oc-35">
         <name>.debug_line</name>
         <load_address>0xdd2</load_address>
         <run_address>0xdd2</run_address>
         <size>0xf7</size>
         <input_file_ref idref="fl-9"/>
      </object_component>
      <object_component id="oc-1f1">
         <name>.debug_line</name>
         <load_address>0xec9</load_address>
         <run_address>0xec9</run_address>
         <size>0x20</size>
         <input_file_ref idref="fl-a"/>
      </object_component>
      <object_component id="oc-1bf">
         <name>.debug_line</name>
         <load_address>0xee9</load_address>
         <run_address>0xee9</run_address>
         <size>0x37</size>
         <input_file_ref idref="fl-a"/>
      </object_component>
      <object_component id="oc-1ae">
         <name>.debug_line</name>
         <load_address>0xf20</load_address>
         <run_address>0xf20</run_address>
         <size>0x160</size>
         <input_file_ref idref="fl-d"/>
      </object_component>
      <object_component id="oc-1b5">
         <name>.debug_line</name>
         <load_address>0x1080</load_address>
         <run_address>0x1080</run_address>
         <size>0x2d</size>
         <input_file_ref idref="fl-d"/>
      </object_component>
      <object_component id="oc-1b7">
         <name>.debug_line</name>
         <load_address>0x10ad</load_address>
         <run_address>0x10ad</run_address>
         <size>0x2d</size>
         <input_file_ref idref="fl-d"/>
      </object_component>
      <object_component id="oc-d2">
         <name>.debug_line</name>
         <load_address>0x10da</load_address>
         <run_address>0x10da</run_address>
         <size>0x98</size>
         <input_file_ref idref="fl-d"/>
      </object_component>
      <object_component id="oc-182">
         <name>.debug_line</name>
         <load_address>0x1172</load_address>
         <run_address>0x1172</run_address>
         <size>0x38</size>
         <input_file_ref idref="fl-d"/>
      </object_component>
      <object_component id="oc-1db">
         <name>.debug_line</name>
         <load_address>0x11aa</load_address>
         <run_address>0x11aa</run_address>
         <size>0x3c</size>
         <input_file_ref idref="fl-d"/>
      </object_component>
      <object_component id="oc-1b2">
         <name>.debug_line</name>
         <load_address>0x11e6</load_address>
         <run_address>0x11e6</run_address>
         <size>0x46</size>
         <input_file_ref idref="fl-d"/>
      </object_component>
      <object_component id="oc-a2">
         <name>.debug_line</name>
         <load_address>0x122c</load_address>
         <run_address>0x122c</run_address>
         <size>0x41</size>
         <input_file_ref idref="fl-e"/>
      </object_component>
      <object_component id="oc-3e">
         <name>.debug_line</name>
         <load_address>0x126d</load_address>
         <run_address>0x126d</run_address>
         <size>0x41</size>
         <input_file_ref idref="fl-e"/>
      </object_component>
      <object_component id="oc-30">
         <name>.debug_line</name>
         <load_address>0x12ae</load_address>
         <run_address>0x12ae</run_address>
         <size>0xa1</size>
         <input_file_ref idref="fl-e"/>
      </object_component>
      <object_component id="oc-a6">
         <name>.debug_line</name>
         <load_address>0x134f</load_address>
         <run_address>0x134f</run_address>
         <size>0x65</size>
         <input_file_ref idref="fl-e"/>
      </object_component>
      <object_component id="oc-1de">
         <name>.debug_line</name>
         <load_address>0x13b4</load_address>
         <run_address>0x13b4</run_address>
         <size>0x4c</size>
         <input_file_ref idref="fl-f"/>
      </object_component>
      <object_component id="oc-1e0">
         <name>.debug_line</name>
         <load_address>0x1400</load_address>
         <run_address>0x1400</run_address>
         <size>0x4c</size>
         <input_file_ref idref="fl-f"/>
      </object_component>
      <object_component id="oc-11e">
         <name>.debug_line</name>
         <load_address>0x144c</load_address>
         <run_address>0x144c</run_address>
         <size>0xf9</size>
         <input_file_ref idref="fl-f"/>
      </object_component>
      <object_component id="oc-ba">
         <name>.debug_line</name>
         <load_address>0x1545</load_address>
         <run_address>0x1545</run_address>
         <size>0x65</size>
         <input_file_ref idref="fl-10"/>
      </object_component>
      <object_component id="oc-1cd">
         <name>.debug_line</name>
         <load_address>0x15aa</load_address>
         <run_address>0x15aa</run_address>
         <size>0xe3</size>
         <input_file_ref idref="fl-14"/>
      </object_component>
      <object_component id="oc-10c">
         <name>.debug_line</name>
         <load_address>0x168d</load_address>
         <run_address>0x168d</run_address>
         <size>0x28a</size>
         <input_file_ref idref="fl-14"/>
      </object_component>
      <object_component id="oc-1f3">
         <name>.debug_line</name>
         <load_address>0x1917</load_address>
         <run_address>0x1917</run_address>
         <size>0x88</size>
         <input_file_ref idref="fl-15"/>
      </object_component>
      <object_component id="oc-19d">
         <name>.debug_line</name>
         <load_address>0x199f</load_address>
         <run_address>0x199f</run_address>
         <size>0x79</size>
         <input_file_ref idref="fl-15"/>
      </object_component>
      <object_component id="oc-1c9">
         <name>.debug_line</name>
         <load_address>0x1a18</load_address>
         <run_address>0x1a18</run_address>
         <size>0xb8</size>
         <input_file_ref idref="fl-16"/>
      </object_component>
      <object_component id="oc-107">
         <name>.debug_line</name>
         <load_address>0x1ad0</load_address>
         <run_address>0x1ad0</run_address>
         <size>0xb2</size>
         <input_file_ref idref="fl-16"/>
      </object_component>
      <object_component id="oc-173">
         <name>.debug_line</name>
         <load_address>0x1b82</load_address>
         <run_address>0x1b82</run_address>
         <size>0x57</size>
         <input_file_ref idref="fl-17"/>
      </object_component>
      <object_component id="oc-25">
         <name>.debug_line</name>
         <load_address>0x1bd9</load_address>
         <run_address>0x1bd9</run_address>
         <size>0x53</size>
         <input_file_ref idref="fl-d1"/>
      </object_component>
      <object_component id="oc-f2">
         <name>.debug_line</name>
         <load_address>0x1c2c</load_address>
         <run_address>0x1c2c</run_address>
         <size>0x20</size>
         <input_file_ref idref="fl-d2"/>
      </object_component>
      <object_component id="oc-16">
         <name>.debug_line</name>
         <load_address>0x1c4c</load_address>
         <run_address>0x1c4c</run_address>
         <size>0xa9</size>
         <input_file_ref idref="fl-d2"/>
      </object_component>
      <object_component id="oc-44">
         <name>.debug_line</name>
         <load_address>0x1cf5</load_address>
         <run_address>0x1cf5</run_address>
         <size>0x3a</size>
         <input_file_ref idref="fl-d2"/>
      </object_component>
      <object_component id="oc-ab">
         <name>.debug_line</name>
         <load_address>0x1d2f</load_address>
         <run_address>0x1d2f</run_address>
         <size>0x8a</size>
         <input_file_ref idref="fl-d2"/>
      </object_component>
      <object_component id="oc-b5">
         <name>.debug_line</name>
         <load_address>0x1db9</load_address>
         <run_address>0x1db9</run_address>
         <size>0x8a</size>
         <input_file_ref idref="fl-d3"/>
      </object_component>
      <object_component id="oc-1c">
         <name>.debug_line</name>
         <load_address>0x1e43</load_address>
         <run_address>0x1e43</run_address>
         <size>0x55</size>
         <input_file_ref idref="fl-d3"/>
      </object_component>
      <object_component id="oc-54">
         <name>.debug_line</name>
         <load_address>0x1e98</load_address>
         <run_address>0x1e98</run_address>
         <size>0x3a</size>
         <input_file_ref idref="fl-d3"/>
      </object_component>
      <object_component id="oc-b2">
         <name>.debug_line</name>
         <load_address>0x1ed2</load_address>
         <run_address>0x1ed2</run_address>
         <size>0x8a</size>
         <input_file_ref idref="fl-d3"/>
      </object_component>
      <object_component id="oc-bd">
         <name>.debug_line</name>
         <load_address>0x1f5c</load_address>
         <run_address>0x1f5c</run_address>
         <size>0x8a</size>
         <input_file_ref idref="fl-d4"/>
      </object_component>
      <object_component id="oc-21">
         <name>.debug_line</name>
         <load_address>0x1fe6</load_address>
         <run_address>0x1fe6</run_address>
         <size>0x4f</size>
         <input_file_ref idref="fl-d4"/>
      </object_component>
      <object_component id="oc-60">
         <name>.debug_line</name>
         <load_address>0x2035</load_address>
         <run_address>0x2035</run_address>
         <size>0x34</size>
         <input_file_ref idref="fl-d4"/>
      </object_component>
      <object_component id="oc-14d">
         <name>.debug_line</name>
         <load_address>0x2069</load_address>
         <run_address>0x2069</run_address>
         <size>0xf2</size>
         <input_file_ref idref="fl-d5"/>
      </object_component>
      <object_component id="oc-141">
         <name>.debug_line</name>
         <load_address>0x215b</load_address>
         <run_address>0x215b</run_address>
         <size>0x2a</size>
         <input_file_ref idref="fl-d5"/>
      </object_component>
      <object_component id="oc-80">
         <name>.debug_line</name>
         <load_address>0x2185</load_address>
         <run_address>0x2185</run_address>
         <size>0x86</size>
         <input_file_ref idref="fl-d5"/>
      </object_component>
      <object_component id="oc-17c">
         <name>.debug_line</name>
         <load_address>0x220b</load_address>
         <run_address>0x220b</run_address>
         <size>0xd2</size>
         <input_file_ref idref="fl-d6"/>
      </object_component>
      <object_component id="oc-168">
         <name>.debug_line</name>
         <load_address>0x22dd</load_address>
         <run_address>0x22dd</run_address>
         <size>0xa8</size>
         <input_file_ref idref="fl-d8"/>
      </object_component>
      <object_component id="oc-165">
         <name>.debug_line</name>
         <load_address>0x2385</load_address>
         <run_address>0x2385</run_address>
         <size>0x8e</size>
         <input_file_ref idref="fl-d9"/>
      </object_component>
      <object_component id="oc-16f">
         <name>.debug_line</name>
         <load_address>0x2413</load_address>
         <run_address>0x2413</run_address>
         <size>0x59</size>
         <input_file_ref idref="fl-db"/>
      </object_component>
      <object_component id="oc-4f">
         <name>.debug_line</name>
         <load_address>0x246c</load_address>
         <run_address>0x246c</run_address>
         <size>0x88</size>
         <input_file_ref idref="fl-de"/>
      </object_component>
      <object_component id="oc-5b">
         <name>.debug_line</name>
         <load_address>0x24f4</load_address>
         <run_address>0x24f4</run_address>
         <size>0x79</size>
         <input_file_ref idref="fl-df"/>
      </object_component>
      <object_component id="oc-64">
         <name>.debug_line</name>
         <load_address>0x256d</load_address>
         <run_address>0x256d</run_address>
         <size>0x3d</size>
         <input_file_ref idref="fl-e0"/>
      </object_component>
      <object_component id="oc-6b">
         <name>.debug_line</name>
         <load_address>0x25aa</load_address>
         <run_address>0x25aa</run_address>
         <size>0x40</size>
         <input_file_ref idref="fl-e1"/>
      </object_component>
      <object_component id="oc-e0">
         <name>.debug_line</name>
         <load_address>0x25ea</load_address>
         <run_address>0x25ea</run_address>
         <size>0x33</size>
         <input_file_ref idref="fl-e2"/>
      </object_component>
      <object_component id="oc-160">
         <name>.debug_line</name>
         <load_address>0x261d</load_address>
         <run_address>0x261d</run_address>
         <size>0x4c</size>
         <input_file_ref idref="fl-e4"/>
      </object_component>
      <object_component id="oc-1c3">
         <name>.debug_line</name>
         <load_address>0x2669</load_address>
         <run_address>0x2669</run_address>
         <size>0x20</size>
         <input_file_ref idref="fl-e5"/>
      </object_component>
      <object_component id="oc-149">
         <name>.debug_line</name>
         <load_address>0x2689</load_address>
         <run_address>0x2689</run_address>
         <size>0x2b</size>
         <input_file_ref idref="fl-e5"/>
      </object_component>
      <object_component id="oc-146">
         <name>.debug_line</name>
         <load_address>0x26b4</load_address>
         <run_address>0x26b4</run_address>
         <size>0x68</size>
         <input_file_ref idref="fl-e5"/>
      </object_component>
      <object_component id="oc-13a">
         <name>.debug_line</name>
         <load_address>0x271c</load_address>
         <run_address>0x271c</run_address>
         <size>0x2b</size>
         <input_file_ref idref="fl-e6"/>
      </object_component>
      <object_component id="oc-77">
         <name>.debug_line</name>
         <load_address>0x2747</load_address>
         <run_address>0x2747</run_address>
         <size>0x4a</size>
         <input_file_ref idref="fl-e6"/>
      </object_component>
      <object_component id="oc-13e">
         <name>.debug_line</name>
         <load_address>0x2791</load_address>
         <run_address>0x2791</run_address>
         <size>0x2b</size>
         <input_file_ref idref="fl-e6"/>
      </object_component>
      <object_component id="oc-f7">
         <name>.debug_line</name>
         <load_address>0x27bc</load_address>
         <run_address>0x27bc</run_address>
         <size>0xa9</size>
         <input_file_ref idref="fl-e7"/>
      </object_component>
      <object_component id="oc-70">
         <name>.debug_line</name>
         <load_address>0x2865</load_address>
         <run_address>0x2865</run_address>
         <size>0x8b</size>
         <input_file_ref idref="fl-e7"/>
      </object_component>
      <object_component id="oc-fb">
         <name>.debug_line</name>
         <load_address>0x28f0</load_address>
         <run_address>0x28f0</run_address>
         <size>0x2e</size>
         <input_file_ref idref="fl-e7"/>
      </object_component>
      <object_component id="oc-15a">
         <name>.debug_line</name>
         <load_address>0x291e</load_address>
         <run_address>0x291e</run_address>
         <size>0x8a</size>
         <input_file_ref idref="fl-e7"/>
      </object_component>
      <object_component id="oc-100">
         <name>.debug_line</name>
         <load_address>0x29a8</load_address>
         <run_address>0x29a8</run_address>
         <size>0x8b</size>
         <input_file_ref idref="fl-e7"/>
      </object_component>
      <object_component id="oc-151">
         <name>.debug_line</name>
         <load_address>0x2a33</load_address>
         <run_address>0x2a33</run_address>
         <size>0x98</size>
         <input_file_ref idref="fl-e8"/>
      </object_component>
      <object_component id="oc-c5">
         <name>.debug_line</name>
         <load_address>0x2acb</load_address>
         <run_address>0x2acb</run_address>
         <size>0x68</size>
         <input_file_ref idref="fl-e8"/>
      </object_component>
      <object_component id="oc-155">
         <name>.debug_line</name>
         <load_address>0x2b33</load_address>
         <run_address>0x2b33</run_address>
         <size>0x2e</size>
         <input_file_ref idref="fl-e8"/>
      </object_component>
      <object_component id="oc-c7">
         <name>.debug_line</name>
         <load_address>0x2b61</load_address>
         <run_address>0x2b61</run_address>
         <size>0x3c</size>
         <input_file_ref idref="fl-ea"/>
      </object_component>
      <object_component id="oc-119">
         <name>.debug_frame</name>
         <load_address>0x0</load_address>
         <run_address>0x0</run_address>
         <size>0x148</size>
         <input_file_ref idref="fl-2"/>
      </object_component>
      <object_component id="oc-3c">
         <name>.debug_frame</name>
         <load_address>0x148</load_address>
         <run_address>0x148</run_address>
         <size>0x148</size>
         <input_file_ref idref="fl-4"/>
      </object_component>
      <object_component id="oc-112">
         <name>.debug_frame</name>
         <load_address>0x290</load_address>
         <run_address>0x290</run_address>
         <size>0xc9</size>
         <input_file_ref idref="fl-6"/>
      </object_component>
      <object_component id="oc-122">
         <name>.debug_frame</name>
         <load_address>0x359</load_address>
         <run_address>0x359</run_address>
         <size>0x87</size>
         <input_file_ref idref="fl-8"/>
      </object_component>
      <object_component id="oc-36">
         <name>.debug_frame</name>
         <load_address>0x3e0</load_address>
         <run_address>0x3e0</run_address>
         <size>0x9d</size>
         <input_file_ref idref="fl-9"/>
      </object_component>
      <object_component id="oc-d3">
         <name>.debug_frame</name>
         <load_address>0x47d</load_address>
         <run_address>0x47d</run_address>
         <size>0x89</size>
         <input_file_ref idref="fl-d"/>
      </object_component>
      <object_component id="oc-2f">
         <name>.debug_frame</name>
         <load_address>0x506</load_address>
         <run_address>0x506</run_address>
         <size>0x84</size>
         <input_file_ref idref="fl-e"/>
      </object_component>
      <object_component id="oc-11f">
         <name>.debug_frame</name>
         <load_address>0x58a</load_address>
         <run_address>0x58a</run_address>
         <size>0xe8</size>
         <input_file_ref idref="fl-f"/>
      </object_component>
      <object_component id="oc-10d">
         <name>.debug_frame</name>
         <load_address>0x672</load_address>
         <run_address>0x672</run_address>
         <size>0x17e</size>
         <input_file_ref idref="fl-14"/>
      </object_component>
      <object_component id="oc-19c">
         <name>.debug_frame</name>
         <load_address>0x7f0</load_address>
         <run_address>0x7f0</run_address>
         <size>0x78</size>
         <input_file_ref idref="fl-15"/>
      </object_component>
      <object_component id="oc-106">
         <name>.debug_frame</name>
         <load_address>0x868</load_address>
         <run_address>0x868</run_address>
         <size>0x74</size>
         <input_file_ref idref="fl-16"/>
      </object_component>
      <object_component id="oc-177">
         <name>.debug_frame</name>
         <load_address>0x8dc</load_address>
         <run_address>0x8dc</run_address>
         <size>0x57</size>
         <input_file_ref idref="fl-17"/>
      </object_component>
      <object_component id="oc-17">
         <name>.debug_frame</name>
         <load_address>0x933</load_address>
         <run_address>0x933</run_address>
         <size>0x60</size>
         <input_file_ref idref="fl-d2"/>
      </object_component>
      <object_component id="oc-1d">
         <name>.debug_frame</name>
         <load_address>0x993</load_address>
         <run_address>0x993</run_address>
         <size>0x51</size>
         <input_file_ref idref="fl-d3"/>
      </object_component>
      <object_component id="oc-1f">
         <name>.debug_frame</name>
         <load_address>0x9e4</load_address>
         <run_address>0x9e4</run_address>
         <size>0x51</size>
         <input_file_ref idref="fl-d4"/>
      </object_component>
      <object_component id="oc-7f">
         <name>.debug_frame</name>
         <load_address>0xa35</load_address>
         <run_address>0xa35</run_address>
         <size>0x85</size>
         <input_file_ref idref="fl-d5"/>
      </object_component>
      <object_component id="oc-68">
         <name>.debug_frame</name>
         <load_address>0xaba</load_address>
         <run_address>0xaba</run_address>
         <size>0x51</size>
         <input_file_ref idref="fl-e0"/>
      </object_component>
      <object_component id="oc-6a">
         <name>.debug_frame</name>
         <load_address>0xb0b</load_address>
         <run_address>0xb0b</run_address>
         <size>0x51</size>
         <input_file_ref idref="fl-e1"/>
      </object_component>
      <object_component id="oc-147">
         <name>.debug_frame</name>
         <load_address>0xb5c</load_address>
         <run_address>0xb5c</run_address>
         <size>0x73</size>
         <input_file_ref idref="fl-e5"/>
      </object_component>
      <object_component id="oc-78">
         <name>.debug_frame</name>
         <load_address>0xbcf</load_address>
         <run_address>0xbcf</run_address>
         <size>0x51</size>
         <input_file_ref idref="fl-e6"/>
      </object_component>
      <object_component id="oc-74">
         <name>.debug_frame</name>
         <load_address>0xc20</load_address>
         <run_address>0xc20</run_address>
         <size>0x5c</size>
         <input_file_ref idref="fl-e7"/>
      </object_component>
      <object_component id="oc-c4">
         <name>.debug_frame</name>
         <load_address>0xc7c</load_address>
         <run_address>0xc7c</run_address>
         <size>0x60</size>
         <input_file_ref idref="fl-e8"/>
      </object_component>
      <object_component id="oc-c8">
         <name>.debug_frame</name>
         <load_address>0xcdc</load_address>
         <run_address>0xcdc</run_address>
         <size>0x51</size>
         <input_file_ref idref="fl-ea"/>
      </object_component>
      <object_component id="oc-1d4">
         <name>.debug_abbrev</name>
         <load_address>0x0</load_address>
         <run_address>0x0</run_address>
         <size>0x2e</size>
         <input_file_ref idref="fl-2"/>
      </object_component>
      <object_component id="oc-191">
         <name>.debug_abbrev</name>
         <load_address>0x2e</load_address>
         <run_address>0x2e</run_address>
         <size>0xff</size>
         <input_file_ref idref="fl-2"/>
      </object_component>
      <object_component id="oc-194">
         <name>.debug_abbrev</name>
         <load_address>0x12d</load_address>
         <run_address>0x12d</run_address>
         <size>0x87</size>
         <input_file_ref idref="fl-2"/>
      </object_component>
      <object_component id="oc-8f">
         <name>.debug_abbrev</name>
         <load_address>0x1b4</load_address>
         <run_address>0x1b4</run_address>
         <size>0x53</size>
         <input_file_ref idref="fl-2"/>
      </object_component>
      <object_component id="oc-48">
         <name>.debug_abbrev</name>
         <load_address>0x207</load_address>
         <run_address>0x207</run_address>
         <size>0x1f</size>
         <input_file_ref idref="fl-2"/>
      </object_component>
      <object_component id="oc-1ee">
         <name>.debug_abbrev</name>
         <load_address>0x226</load_address>
         <run_address>0x226</run_address>
         <size>0x2e</size>
         <input_file_ref idref="fl-3"/>
      </object_component>
      <object_component id="oc-1bb">
         <name>.debug_abbrev</name>
         <load_address>0x254</load_address>
         <run_address>0x254</run_address>
         <size>0x29</size>
         <input_file_ref idref="fl-3"/>
      </object_component>
      <object_component id="oc-ef">
         <name>.debug_abbrev</name>
         <load_address>0x27d</load_address>
         <run_address>0x27d</run_address>
[...]
         </usage_details>
      </memory_area>
   </placement_map>
   <cptbl_list>
      <cptbl>
         <name>__TI_cinit_table</name>
         <cprec>
            <name>.data</name>
            <load_address>0x2c98</load_address>
            <load_size>0x33</load_size>
            <run_address>0x20000278</run_address>
            <run_size>0x48</run_size>
            <compression>lzss</compression>
         </cprec>
         <cprec>
            <name>.bss</name>
            <load_address>0x2cd8</load_address>
            <load_size>0x8</load_size>
            <run_address>0x20000200</run_address>
            <run_size>0x77</run_size>
            <compression>zero_init</compression>
         </cprec>
      </cptbl>
   </cptbl_list>
   <handler_table>
      <handler_table_name>__TI_handler_table</handler_table_name>
      <handler>
         <index>0x0</index>
         <name>__TI_decompress_lzss</name>
      </handler>
      <handler>
         <index>0x1</index>
         <name>__TI_decompress_none</name>
      </handler>
      <handler>
         <index>0x2</index>
         <name>__TI_zero_init</name>
      </handler>
   </handler_table>
   <symbol_table>
      <symbol id="sm-1">
         <name>__STACK_TOP</name>
         <value>0x20000200</value>
      </symbol>
      <symbol id="sm-2">
         <name>__TI_CINIT_Base</name>
         <value>0x2ce0</value>
      </symbol>
      <symbol id="sm-3">
         <name>__TI_CINIT_Limit</name>
         <value>0x2cf0</value>
      </symbol>
      <symbol id="sm-4">
         <name>__TI_Handler_Table_Base</name>
         <value>0x2ccc</value>
      </symbol>
      <symbol id="sm-5">
         <name>__TI_Handler_Table_Limit</name>
         <value>0x2cd8</value>
      </symbol>
      <symbol id="sm-6">
         <name>binit</name>
         <value>0xffffffff</value>
      </symbol>
      <symbol id="sm-7">
         <name>__binit__</name>
         <value>0xffffffff</value>
      </symbol>
      <symbol id="sm-8">
         <name>__STACK_SIZE</name>
         <value>0x200</value>
      </symbol>
      <symbol id="sm-9">
         <name>__STACK_END</name>
         <value>0x20000200</value>
      </symbol>
      <symbol id="sm-a">
         <name>__c_args__</name>
         <value>0xffffffff</value>
      </symbol>
      <symbol id="sm-b">
         <name>__TI_pprof_out_hndl</name>
         <value>0xffffffff</value>
      </symbol>
      <symbol id="sm-c">
         <name>__TI_prof_data_start</name>
         <value>0xffffffff</value>
      </symbol>
      <symbol id="sm-d">
         <name>__TI_prof_data_size</name>
         <value>0xffffffff</value>
      </symbol>
      <symbol id="sm-102">
         <name>DIO_WriteChannel</name>
         <value>0xec5</value>
         <object_component_ref idref="oc-114"/>
      </symbol>
      <symbol id="sm-103">
         <name>DIO_FlipChannel</name>
         <value>0x10c1</value>
         <object_component_ref idref="oc-114"/>
      </symbol>
      <symbol id="sm-104">
         <name>DIO_ReadPort</name>
         <value>0x1001</value>
         <object_component_ref idref="oc-114"/>
      </symbol>
      <symbol id="sm-105">
         <name>DIO_WritePort</name>
         <value>0x1075</value>
         <object_component_ref idref="oc-114"/>
      </symbol>
      <symbol id="sm-106">
         <name>DIO_ReadChannel</name>
         <value>0xe11</value>
         <object_component_ref idref="oc-114"/>
      </symbol>
      <symbol id="sm-107">
         <name>DIO_Init</name>
         <value>0xce1</value>
         <object_component_ref idref="oc-114"/>
      </symbol>
      <symbol id="sm-112">
         <name>portConfig</name>
         <value>0x2b4c</value>
         <object_component_ref idref="oc-132"/>
      </symbol>
      <symbol id="sm-16f">
         <name>captured_val</name>
         <value>0x20000230</value>
      </symbol>
      <symbol id="sm-170">
         <name>GPT_StartTimer</name>
         <value>0x1b01</value>
         <object_component_ref idref="oc-37"/>
      </symbol>
      <symbol id="sm-171">
         <name>TIMER1A_Handler</name>
         <value>0x182f</value>
         <object_component_ref idref="oc-37"/>
      </symbol>
      <symbol id="sm-172">
         <name>GPT_stopTimer</name>
         <value>0x1b51</value>
         <object_component_ref idref="oc-37"/>
      </symbol>
      <symbol id="sm-173">
         <name>GPT_Init</name>
         <value>0x1909</value>
         <object_component_ref idref="oc-37"/>
      </symbol>
      <symbol id="sm-174">
         <name>GPT_EnableNotification</name>
         <value>0x1a77</value>
         <object_component_ref idref="oc-37"/>
      </symbol>
      <symbol id="sm-175">
         <name>GPT_SetPWM</name>
         <value>0x1a47</value>
         <object_component_ref idref="oc-37"/>
      </symbol>
      <symbol id="sm-176">
         <name>GPT_getValue</name>
         <value>0x1b2d</value>
         <object_component_ref idref="oc-37"/>
      </symbol>
      <symbol id="sm-177">
         <name>TIMER2A_Handler</name>
         <value>0x186d</value>
         <object_component_ref idref="oc-37"/>
      </symbol>
      <symbol id="sm-178">
         <name>TIMER0A_Handler</name>
         <value>0x17f1</value>
         <object_component_ref idref="oc-37"/>
      </symbol>
      <symbol id="sm-183">
         <name>gptConfig</name>
         <value>0x2c4e</value>
         <object_component_ref idref="oc-95"/>
      </symbol>
      <symbol id="sm-1b7">
         <name>SCB_GetResetRawValue</name>
         <value>0x1bb3</value>
         <object_component_ref idref="oc-10e"/>
      </symbol>
      <symbol id="sm-1b8">
         <name>SCB_PerformReset</name>
         <value>0x1bc9</value>
         <object_component_ref idref="oc-10e"/>
      </symbol>
      <symbol id="sm-1b9">
         <name>SCB_DistributePllClock</name>
         <value>0x1d85</value>
         <object_component_ref idref="oc-10e"/>
      </symbol>
      <symbol id="sm-1ba">
         <name>SCB_GetPllStatus</name>
         <value>0x1db3</value>
         <object_component_ref idref="oc-10e"/>
      </symbol>
      <symbol id="sm-1bb">
         <name>SCB_Init</name>
         <value>0x1b9d</value>
         <object_component_ref idref="oc-10e"/>
      </symbol>
      <symbol id="sm-1bc">
         <name>SCB_InitClock</name>
         <value>0x1bd7</value>
         <object_component_ref idref="oc-10e"/>
      </symbol>
      <symbol id="sm-1cd">
         <name>SCBConfig</name>
         <value>0x2c80</value>
         <object_component_ref idref="oc-12f"/>
      </symbol>
      <symbol id="sm-1ce">
         <name>SCB_ActivatedClockGates</name>
         <value>0x20000284</value>
         <object_component_ref idref="oc-187"/>
      </symbol>
      <symbol id="sm-1fe">
         <name>RTOS_voidInit</name>
         <value>0x260b</value>
         <object_component_ref idref="oc-120"/>
      </symbol>
      <symbol id="sm-1ff">
         <name>RTOS_voidCreatTask</name>
         <value>0x2617</value>
         <object_component_ref idref="oc-120"/>
      </symbol>
      <symbol id="sm-22b">
         <name>SYSTICK_u8ModeOfInterval</name>
         <value>0x20000276</value>
      </symbol>
      <symbol id="sm-22c">
         <name>SYSTICK_Init</name>
         <value>0x1f99</value>
         <object_component_ref idref="oc-31"/>
      </symbol>
      <symbol id="sm-22d">
         <name>SYSTICK_setBusyWait</name>
         <value>0x2015</value>
         <object_component_ref idref="oc-31"/>
      </symbol>
      <symbol id="sm-22e">
         <name>SYSTIC_voidSetIntervalPeriodic</name>
         <value>0x2075</value>
         <object_component_ref idref="oc-31"/>
      </symbol>
      <symbol id="sm-22f">
         <name>SYSTICK_Handler</name>
         <value>0x20dd</value>
         <object_component_ref idref="oc-31"/>
      </symbol>
      <symbol id="sm-230">
         <name>InitPtr</name>
         <value>0x200002a4</value>
         <object_component_ref idref="oc-86"/>
      </symbol>
      <symbol id="sm-23b">
         <name>SYSTIC_Config</name>
         <value>0x2c90</value>
         <object_component_ref idref="oc-135"/>
      </symbol>
      <symbol id="sm-279">
         <name>destance</name>
         <value>0x20000270</value>
      </symbol>
      <symbol id="sm-27a">
         <name>ultraSonic1</name>
         <value>0x200002b9</value>
         <object_component_ref idref="oc-129"/>
      </symbol>
      <symbol id="sm-27b">
         <name>check_destacne</name>
         <value>0x212d</value>
         <object_component_ref idref="oc-ce"/>
      </symbol>
      <symbol id="sm-27c">
         <name>main</name>
         <value>0x2161</value>
         <object_component_ref idref="oc-ce"/>
      </symbol>
      <symbol id="sm-27d">
         <name>lcd_car</name>
         <value>0x20000290</value>
         <object_component_ref idref="oc-12c"/>
      </symbol>
      <symbol id="sm-27e">
         <name>print_destance</name>
         <value>0x213b</value>
         <object_component_ref idref="oc-ce"/>
      </symbol>
      <symbol id="sm-29f">
         <name>ResetISR</name>
         <value>0x2b3b</value>
         <object_component_ref idref="oc-2b"/>
      </symbol>
      <symbol id="sm-2a0">
         <name>g_pfnVectors</name>
         <value>0x0</value>
         <object_component_ref idref="oc-f"/>
      </symbol>
      <symbol id="sm-2bf">
         <name>robotInit</name>
         <value>0x2799</value>
         <object_component_ref idref="oc-11a"/>
      </symbol>
      <symbol id="sm-2c0">
         <name>robotMoveForward</name>
         <value>0x27a5</value>
         <object_component_ref idref="oc-11a"/>
      </symbol>
      <symbol id="sm-2c1">
         <name>robotMoveback</name>
         <value>0x2809</value>
         <object_component_ref idref="oc-11a"/>
      </symbol>
      <symbol id="sm-2c2">
         <name>robotMoveStop</name>
         <value>0x27b9</value>
         <object_component_ref idref="oc-11a"/>
      </symbol>
      <symbol id="sm-2c3">
         <name>robotMoveLeft</name>
         <value>0x27e1</value>
         <object_component_ref idref="oc-11a"/>
      </symbol>
      <symbol id="sm-2c4">
         <name>RIGHT_SIDE</name>
         <value>0x200002b5</value>
         <object_component_ref idref="oc-1a1"/>
      </symbol>
      <symbol id="sm-2c5">
         <name>robotMoveRight</name>
         <value>0x27f5</value>
         <object_component_ref idref="oc-11a"/>
      </symbol>
      <symbol id="sm-2c6">
         <name>robotMoveRotate</name>
         <value>0x27cd</value>
         <object_component_ref idref="oc-11a"/>
      </symbol>
      <symbol id="sm-2c7">
         <name>LEFT_SIDE</name>
         <value>0x200002b1</value>
         <object_component_ref idref="oc-19e"/>
      </symbol>
      <symbol id="sm-309">
         <name>lcd_send_number_pos</name>
         <value>0x1559</value>
         <object_component_ref idref="oc-108"/>
      </symbol>
      <symbol id="sm-30a">
         <name>lcd_send_chr</name>
         <value>0x1377</value>
         <object_component_ref idref="oc-108"/>
      </symbol>
      <symbol id="sm-30b">
         <name>lcd_send_string_pos</name>
         <value>0x1533</value>
         <object_component_ref idref="oc-108"/>
      </symbol>
      <symbol id="sm-30c">
         <name>lcd_send_custome_chr_pos</name>
         <value>0x16e1</value>
         <object_component_ref idref="oc-108"/>
      </symbol>
      <symbol id="sm-30d">
         <name>lcd_send_string</name>
         <value>0x14f9</value>
         <object_component_ref idref="oc-108"/>
      </symbol>
      <symbol id="sm-30e">
         <name>lcd_send_number</name>
         <value>0x161f</value>
         <object_component_ref idref="oc-108"/>
      </symbol>
      <symbol id="sm-30f">
         <name>lcd_send_chr_pos</name>
         <value>0x14cf</value>
         <object_component_ref idref="oc-108"/>
      </symbol>
      <symbol id="sm-310">
         <name>lcd_sendFloat</name>
         <value>0x174b</value>
         <object_component_ref idref="oc-108"/>
      </symbol>
      <symbol id="sm-311">
         <name>lcd_init</name>
         <value>0x12c9</value>
         <object_component_ref idref="oc-108"/>
      </symbol>
      <symbol id="sm-312">
         <name>lcd_send_command</name>
         <value>0x1105</value>
         <object_component_ref idref="oc-108"/>
      </symbol>
      <symbol id="sm-313">
         <name>lcd_set_cursor</name>
         <value>0x1263</value>
         <object_component_ref idref="oc-108"/>
      </symbol>
      <symbol id="sm-326">
         <name>carSideInit</name>
         <value>0x2705</value>
         <object_component_ref idref="oc-198"/>
      </symbol>
      <symbol id="sm-327">
         <name>carSideConfig</name>
         <value>0x272d</value>
         <object_component_ref idref="oc-198"/>
      </symbol>
      <symbol id="sm-342">
         <name>ultarsonicSensorReadValue</name>
         <value>0x24bd</value>
         <object_component_ref idref="oc-102"/>
      </symbol>
      <symbol id="sm-343">
         <name>delay_micro</name>
         <value>0x249d</value>
         <object_component_ref idref="oc-102"/>
      </symbol>
      <symbol id="sm-350">
         <name>delay</name>
         <value>0x2ab1</value>
         <object_component_ref idref="oc-172"/>
      </symbol>
      <symbol id="sm-361">
         <name>_c_int00</name>
         <value>0x2979</value>
         <object_component_ref idref="oc-24"/>
      </symbol>
      <symbol id="sm-362">
         <name>__stack</name>
         <value>0x20000000</value>
         <object_component_ref idref="oc-2a"/>
      </symbol>
      <symbol id="sm-380">
         <name>__TI_decompress_lzss</name>
         <value>0x2911</value>
         <object_component_ref idref="oc-12"/>
      </symbol>
      <symbol id="sm-397">
         <name>__TI_decompress_none</name>
         <value>0x2b21</value>
         <object_component_ref idref="oc-18"/>
      </symbol>
      <symbol id="sm-3a9">
         <name>__TI_zero_init</name>
         <value>0x2b2f</value>
         <object_component_ref idref="oc-1e"/>
      </symbol>
      <symbol id="sm-3ca">
         <name>C$$EXIT</name>
         <value>0x29cd</value>
         <object_component_ref idref="oc-7b"/>
      </symbol>
      <symbol id="sm-3cb">
         <name>abort</name>
         <value>0x29d1</value>
         <object_component_ref idref="oc-7b"/>
      </symbol>
      <symbol id="sm-3cc">
         <name>exit</name>
         <value>0x29d9</value>
         <object_component_ref idref="oc-7b"/>
      </symbol>
      <symbol id="sm-3cd">
         <name>__TI_dtors_ptr</name>
         <value>0x2000027c</value>
         <object_component_ref idref="oc-d6"/>
      </symbol>
      <symbol id="sm-3ce">
         <name>__TI_cleanup_ptr</name>
         <value>0x20000278</value>
         <object_component_ref idref="oc-d6"/>
      </symbol>
      <symbol id="sm-3cf">
         <name>__TI_enable_exit_profile_output</name>
         <value>0x20000280</value>
         <object_component_ref idref="oc-d6"/>
      </symbol>
      <symbol id="sm-3e6">
         <name>__aeabi_dsub</name>
         <value>0x1de1</value>
         <object_component_ref idref="oc-178"/>
      </symbol>
      <symbol id="sm-3e7">
         <name>__aeabi_dadd</name>
         <value>0x1deb</value>
         <object_component_ref idref="oc-178"/>
      </symbol>
      <symbol id="sm-3fc">
         <name>__aeabi_ddiv</name>
         <value>0x2269</value>
         <object_component_ref idref="oc-166"/>
      </symbol>
      <symbol id="sm-407">
         <name>__aeabi_dmul</name>
         <value>0x239f</value>
         <object_component_ref idref="oc-161"/>
      </symbol>
      <symbol id="sm-412">
         <name>__aeabi_d2uiz</name>
         <value>0x2a6d</value>
         <object_component_ref idref="oc-16b"/>
      </symbol>
      <symbol id="sm-42f">
         <name>memcpy</name>
         <value>0x2669</value>
         <object_component_ref idref="oc-4b"/>
      </symbol>
      <symbol id="sm-430">
         <name>__aeabi_memcpy</name>
         <value>0x2669</value>
         <object_component_ref idref="oc-4b"/>
      </symbol>
      <symbol id="sm-431">
         <name>__aeabi_memcpy8</name>
         <value>0x2669</value>
         <object_component_ref idref="oc-4b"/>
      </symbol>
      <symbol id="sm-432">
         <name>__aeabi_memcpy4</name>
         <value>0x2669</value>
         <object_component_ref idref="oc-4b"/>
      </symbol>
      <symbol id="sm-441">
         <name>__aeabi_memset</name>
         <value>0x2827</value>
         <object_component_ref idref="oc-57"/>
      </symbol>
      <symbol id="sm-442">
         <name>memset</name>
         <value>0x282d</value>
         <object_component_ref idref="oc-57"/>
      </symbol>
      <symbol id="sm-443">
         <name>__aeabi_memset8</name>
         <value>0x2827</value>
         <object_component_ref idref="oc-57"/>
      </symbol>
      <symbol id="sm-444">
         <name>__aeabi_memset4</name>
         <value>0x2827</value>
         <object_component_ref idref="oc-57"/>
      </symbol>
      <symbol id="sm-445">
         <name>__aeabi_memclr8</name>
         <value>0x2825</value>
         <object_component_ref idref="oc-57"/>
      </symbol>
      <symbol id="sm-446">
         <name>__aeabi_memclr4</name>
         <value>0x2825</value>
         <object_component_ref idref="oc-57"/>
      </symbol>
      <symbol id="sm-447">
         <name>__aeabi_memclr</name>
         <value>0x2825</value>
         <object_component_ref idref="oc-57"/>
      </symbol>
      <symbol id="sm-451">
         <name>__mpu_init</name>
         <value>0x17ef</value>
         <object_component_ref idref="oc-63"/>
      </symbol>
      <symbol id="sm-45b">
         <name>_system_pre_init</name>
         <value>0x2b47</value>
         <object_component_ref idref="oc-69"/>
      </symbol>
      <symbol id="sm-463">
         <name>main_func_sp</name>
         <value>0x200002bc</value>
         <object_component_ref idref="oc-81"/>
      </symbol>
      <symbol id="sm-46e">
         <name>__aeabi_ui2d</name>
         <value>0x2ad5</value>
         <object_component_ref idref="oc-15c"/>
      </symbol>
      <symbol id="sm-487">
         <name>_nop</name>
         <value>0x2b1b</value>
         <object_component_ref idref="oc-142"/>
      </symbol>
      <symbol id="sm-488">
         <name>_lock</name>
         <value>0x2000029c</value>
         <object_component_ref idref="oc-d9"/>
      </symbol>
      <symbol id="sm-489">
         <name>_unlock</name>
         <value>0x200002a0</value>
         <object_component_ref idref="oc-d9"/>
      </symbol>
      <symbol id="sm-48a">
         <name>_register_lock</name>
         <value>0x2b13</value>
         <object_component_ref idref="oc-142"/>
      </symbol>
      <symbol id="sm-48b">
         <name>_register_unlock</name>
         <value>0x2b0d</value>
         <object_component_ref idref="oc-142"/>
      </symbol>
      <symbol id="sm-49f">
         <name>_args_main</name>
         <value>0x2af5</value>
         <object_component_ref idref="oc-75"/>
      </symbol>
      <symbol id="sm-4c9">
         <name>__TI_auto_init</name>
         <value>0x28a1</value>
         <object_component_ref idref="oc-6f"/>
      </symbol>
      <symbol id="sm-4e3">
         <name>copy_in</name>
         <value>0x2a21</value>
         <object_component_ref idref="oc-c0"/>
      </symbol>
      <symbol id="sm-4ee">
         <name>_system_post_cinit</name>
         <value>0x1f97</value>
         <object_component_ref idref="oc-c6"/>
      </symbol>
      <symbol id="sm-4ef">
         <name>__TI_static_base__</name>
         <value>0x0</value>
      </symbol>
      <symbol id="sm-4f2">
         <name>SHT$$INIT_ARRAY$$Limit</name>
         <value>0x0</value>
      </symbol>
      <symbol id="sm-4f3">
         <name>SHT$$INIT_ARRAY$$Base</name>
         <value>0x0</value>
      </symbol>
   </symbol_table>
   <title>Link successful</title>
</link_info>
