******************************************************************************
                  TI ARM Linker PC v16.9.4                     
******************************************************************************
>> Linked Mon Sep 11 15:55:27 2023

OUTPUT FILE NAME:   <Tiva_c.out>
ENTRY POINT SYMBOL: "_c_int00"  address: 00002aed


MEMORY CONFIGURATION

         name            origin    length      used     unused   attr    fill
----------------------  --------  ---------  --------  --------  ----  --------
  FLASH                 00000000   00020000  00002e6d  0001d193  R  X
  SRAM                  20000000   00008000  000002e0  00007d20  RW X


SEGMENT ALLOCATION MAP

run origin  load origin   length   init length attrs members
----------  ----------- ---------- ----------- ----- -------
00000000    00000000    00002e70   00002e70    r-x
  00000000    00000000    0000026c   0000026c    r-- .intvecs
  0000026c    0000026c    00002a52   00002a52    r-x .text
  00002cc0    00002cc0    00000147   00000147    r-- .const
  00002e08    00002e08    00000068   00000068    r-- .cinit
20000000    20000000    000002e0   00000000    rw-
  20000000    20000000    00000200   00000000    rw- .stack
  20000200    20000200    0000008c   00000000    rw- .bss
  2000028c    2000028c    00000054   00000000    rw- .data


SECTION ALLOCATION MAP

 output                                  attributes/
section   page    origin      length       input sections
--------  ----  ----------  ----------   ----------------
.intvecs   0    00000000    0000026c     
                  00000000    0000026c     tm4c123ge6pm_startup_ccs.obj (.intvecs)

.text      0    0000026c    00002a52     
                  0000026c    00000e98     GPIO.obj (.text)
                  00001104    000006ea     lcd.obj (.text)
                  000017ee    00000002     rtsv7M4_T_le_v4SPD16_eabi.lib : mpu_init.obj (.text)
                  000017f0    000003ac     GPT.obj (.text)
                  00001b9c    00000244     SCB.obj (.text)
                  00001de0    000001b6     rtsv7M4_T_le_v4SPD16_eabi.lib : fd_add_t2.obj (.text)
                  00001f96    00000002                                   : startup.obj (.text)
                  00001f98    00000194     SYSTICK.obj (.text)
                  0000212c    00000184     main.obj (.text)
                  000022b0    00000136     rtsv7M4_T_le_v4SPD16_eabi.lib : fd_div_t2.obj (.text)
                  000023e6    00000002     --HOLE-- [fill = 0]
                  000023e8    0000012c     adc.obj (.text)
                  00002514    000000fc     rtsv7M4_T_le_v4SPD16_eabi.lib : fd_mul_t2.obj (.text)
                  00002610    000000fc     ultrasonic.obj (.text)
                  0000270c    000000d0     SCHEDULAR.obj (.text)
                  000027dc    0000009c     rtsv7M4_T_le_v4SPD16_eabi.lib : memcpy_t2.obj (.text)
                  00002878    00000094     motor.obj (.text)
                  0000290c    0000008c     AutonomousCar.obj (.text)
                  00002998    0000007a     rtsv7M4_T_le_v4SPD16_eabi.lib : memset_t2.obj (.text)
                  00002a12    00000002     --HOLE-- [fill = 0]
                  00002a14    00000070                                   : autoinit.obj (.text)
                  00002a84    00000068                                   : copy_decompress_lzss.obj (.text:decompress:lzss)
                  00002aec    00000054                                   : boot.obj (.text)
                  00002b40    00000054                                   : exit.obj (.text)
                  00002b94    0000004c                                   : cpy_tbl.obj (.text)
                  00002be0    00000044                                   : fd_tou_t2.obj (.text)
                  00002c24    00000024     delay.obj (.text)
                  00002c48    00000020     rtsv7M4_T_le_v4SPD16_eabi.lib : u_tofd_t2.obj (.text)
                  00002c68    00000018                                   : args_main.obj (.text)
                  00002c80    00000014                                   : _lock.obj (.text)
                  00002c94    0000000e                                   : copy_decompress_none.obj (.text:decompress:none)
                  00002ca2    0000000c                                   : copy_zero_init.obj (.text:decompress:ZI)
                  00002cae    0000000c     tm4c123ge6pm_startup_ccs.obj (.text)
                  00002cba    00000004     rtsv7M4_T_le_v4SPD16_eabi.lib : pre_init.obj (.text)

.const     0    00002cc0    00000147     
                  00002cc0    00000102     GPIO_config.obj (.const:portConfig)
                  00002dc2    00000030     GPT_config.obj (.const:gptConfig)
                  00002df2    00000002     --HOLE-- [fill = 0]
                  00002df4    00000010     SCB_config.obj (.const:SCBConfig)
                  00002e04    00000003     SYSTICK_config.obj (.const:SYSTIC_Config)

.cinit     0    00002e08    00000068     
                  00002e08    00000040     (.cinit..data.load) [load image, compression = lzss]
                  00002e48    0000000c     (__TI_handler_table)
                  00002e54    00000004     --HOLE-- [fill = 0]
                  00002e58    00000008     (.cinit..bss.load) [load image, compression = zero_init]
                  00002e60    00000010     (__TI_cinit_table)

.init_array 
*          0    00000000    00000000     UNINITIALIZED

.stack     0    20000000    00000200     UNINITIALIZED
                  20000000    00000200     --HOLE--

.bss       0    20000200    0000008c     UNINITIALIZED
                  20000200    00000030     GPT.obj (.bss:isr_timer)
                  20000230    00000030     (.common:captured_val)
                  20000260    00000018     SCHEDULAR.obj (.bss:TASKS)
                  20000278    00000004     (.common:LDR_Direction)
                  2000027c    00000004     (.common:LDR_L_read)
                  20000280    00000004     (.common:LDR_R_read)
                  20000284    00000004     (.common:distance)
                  20000288    00000002     SCHEDULAR.obj (.bss)
                  2000028a    00000001     (.common:SYSTICK_u8ModeOfInterval)
                  2000028b    00000001     (.common:move_flag)

.data      0    2000028c    00000054     UNINITIALIZED
                  2000028c    0000000c     rtsv7M4_T_le_v4SPD16_eabi.lib : exit.obj (.data:$O1$$)
                  20000298    0000000c     SCB_config.obj (.data:SCB_ActivatedClockGates)
                  200002a4    0000000b     main.obj (.data:lcd_car)
                  200002af    00000001     --HOLE--
                  200002b0    00000008     rtsv7M4_T_le_v4SPD16_eabi.lib : _lock.obj (.data:$O1$$)
                  200002b8    00000008     SYSTICK.obj (.data)
                  200002c0    00000006     main.obj (.data:LDR_1)
                  200002c6    00000006     main.obj (.data:LDR_2)
                  200002cc    00000005     SCB.obj (.data)
                  200002d1    00000004     AutonomousCar.obj (.data:LEFT_SIDE)
                  200002d5    00000004     AutonomousCar.obj (.data:RIGHT_SIDE)
                  200002d9    00000002     main.obj (.data:ultraSonic1)
                  200002db    00000001     --HOLE--
                  200002dc    00000004     rtsv7M4_T_le_v4SPD16_eabi.lib : stkdepth_vars.obj (.data)

MODULE SUMMARY

       Module                         code    ro data   rw data
       ------                         ----    -------   -------
    .\
       GPIO.obj                       3736    0         0      
       GPT.obj                        940     0         96     
       tm4c123ge6pm_startup_ccs.obj   12      620       0      
       SCB.obj                        580     0         5      
       main.obj                       388     0         42     
       SYSTICK.obj                    404     0         9      
       adc.obj                        300     0         0      
       GPIO_config.obj                0       258       0      
       SCHEDULAR.obj                  208     0         26     
       GPT_config.obj                 0       48        0      
       SCB_config.obj                 0       16        12     
       SYSTICK_config.obj             0       3         0      
    +--+------------------------------+-------+---------+---------+
       Total:                         6568    945       190    
                                                               
    .\Inc\APP\AutonomousCar\
       AutonomousCar.obj              140     0         8      
    +--+------------------------------+-------+---------+---------+
       Total:                         140     0         8      
                                                               
    .\Inc\HAL\LCD\
       lcd.obj                        1770    0         0      
    +--+------------------------------+-------+---------+---------+
       Total:                         1770    0         0      
                                                               
    .\Inc\HAL\MOTOR\
       motor.obj                      148     0         0      
    +--+------------------------------+-------+---------+---------+
       Total:                         148     0         0      
                                                               
    .\Inc\HAL\ULTRASONIC\
       ultrasonic.obj                 252     0         0      
    +--+------------------------------+-------+---------+---------+
       Total:                         252     0         0      
                                                               
    .\Inc\LIB\
       delay.obj                      36      0         0      
    +--+------------------------------+-------+---------+---------+
       Total:                         36      0         0      
                                                               
    C:\ti\ccsv7\tools\compiler\ti-cgt-arm_16.9.4.LTS\lib\rtsv7M4_T_le_v4SPD16_eabi.lib
       fd_add_t2.obj                  438     0         0      
       fd_div_t2.obj                  310     0         0      
       fd_mul_t2.obj                  252     0         0      
       memcpy_t2.obj                  156     0         0      
       memset_t2.obj                  122     0         0      
       autoinit.obj                   112     0         0      
       copy_decompress_lzss.obj       104     0         0      
       exit.obj                       84      0         12     
       boot.obj                       84      0         0      
       cpy_tbl.obj                    76      0         0      
       fd_tou_t2.obj                  68      0         0      
       u_tofd_t2.obj                  32      0         0      
       _lock.obj                      20      0         8      
       args_main.obj                  24      0         0      
       copy_decompress_none.obj       14      0         0      
       copy_zero_init.obj             12      0         0      
       pre_init.obj                   4       0         0      
       stkdepth_vars.obj              0       0         4      
       mpu_init.obj                   2       0         0      
       startup.obj                    2       0         0      
    +--+------------------------------+-------+---------+---------+
       Total:                         1916    0         24     
                                                               
       Stack:                         0       0         512    
       Linker Generated:              0       100       0      
    +--+------------------------------+-------+---------+---------+
       Grand Total:                   10830   1045      734    


LINKER GENERATED COPY TABLES

__TI_cinit_table @ 00002e60 records: 2, size/record: 8, table size: 16
	.data: load addr=00002e08, load size=00000040 bytes, run addr=2000028c, run size=00000054 bytes, compression=lzss
	.bss: load addr=00002e58, load size=00000008 bytes, run addr=20000200, run size=0000008c bytes, compression=zero_init


LINKER GENERATED HANDLER TABLE

__TI_handler_table @ 00002e48 records: 3, size/record: 4, table size: 12
	index: 0, handler: __TI_decompress_lzss
	index: 1, handler: __TI_decompress_none
	index: 2, handler: __TI_zero_init


GLOBAL SYMBOLS: SORTED ALPHABETICALLY BY Name 

address   name                           
-------   ----                           
000023e9  ADC_Init                       
00002481  ADC_Read_Data                  
00002b41  C$$EXIT                        
000010c1  DIO_FlipChannel                
00000ce1  DIO_Init                       
00000e11  DIO_ReadChannel                
00001001  DIO_ReadPort                   
00000ec5  DIO_WriteChannel               
00001075  DIO_WritePort                  
00001a77  GPT_EnableNotification         
00001909  GPT_Init                       
00001a47  GPT_SetPWM                     
00001b01  GPT_StartTimer                 
00001b2d  GPT_getValue                   
00001b51  GPT_stopTimer                  
200002b8  InitPtr                        
200002c0  LDR_1                          
200002c6  LDR_2                          
20000278  LDR_Direction                  
2000027c  LDR_L_read                     
20000280  LDR_R_read                     
200002d1  LEFT_SIDE                      
200002d5  RIGHT_SIDE                     
00002caf  ResetISR                       
00002df4  SCBConfig                      
20000298  SCB_ActivatedClockGates        
00001d85  SCB_DistributePllClock         
00001db3  SCB_GetPllStatus               
00001bb3  SCB_GetResetRawValue           
00001b9d  SCB_Init                       
00001bd7  SCB_InitClock                  
00001bc9  SCB_PerformReset               
UNDEFED   SHT$$INIT_ARRAY$$Base          
UNDEFED   SHT$$INIT_ARRAY$$Limit         
000020dd  SYSTICK_Handler                
00001f99  SYSTICK_Init                   
00002015  SYSTICK_setBusyWait            
2000028a  SYSTICK_u8ModeOfInterval       
00002e04  SYSTIC_Config                  
00002075  SYSTIC_voidSetIntervalPeriodic 
000017f1  TIMER0A_Handler                
0000182f  TIMER1A_Handler                
0000186d  TIMER2A_Handler                
20000200  __STACK_END                    
00000200  __STACK_SIZE                   
20000200  __STACK_TOP                    
00002e60  __TI_CINIT_Base                
00002e70  __TI_CINIT_Limit               
00002e48  __TI_Handler_Table_Base        
00002e54  __TI_Handler_Table_Limit       
00002a15  __TI_auto_init                 
2000028c  __TI_cleanup_ptr               
00002a85  __TI_decompress_lzss           
00002c95  __TI_decompress_none           
20000290  __TI_dtors_ptr                 
20000294  __TI_enable_exit_profile_output
ffffffff  __TI_pprof_out_hndl            
ffffffff  __TI_prof_data_size            
ffffffff  __TI_prof_data_start           
00000000  __TI_static_base__             
00002ca3  __TI_zero_init                 
00002be1  __aeabi_d2uiz                  
00001deb  __aeabi_dadd                   
000022b1  __aeabi_ddiv                   
00002515  __aeabi_dmul                   
00001de1  __aeabi_dsub                   
00002999  __aeabi_memclr                 
00002999  __aeabi_memclr4                
00002999  __aeabi_memclr8                
000027dd  __aeabi_memcpy                 
000027dd  __aeabi_memcpy4                
000027dd  __aeabi_memcpy8                
0000299b  __aeabi_memset                 
0000299b  __aeabi_memset4                
0000299b  __aeabi_memset8                
00002c49  __aeabi_ui2d                   
ffffffff  __binit__                      
ffffffff  __c_args__                     
000017ef  __mpu_init                     
20000000  __stack                        
00002c69  _args_main                     
00002aed  _c_int00                       
200002b0  _lock                          
00002c8f  _nop                           
00002c87  _register_lock                 
00002c81  _register_unlock               
00001f97  _system_post_cinit             
00002cbb  _system_pre_init               
200002b4  _unlock                        
00002b45  abort                          
0000218d  avoid_obstacles                
ffffffff  binit                          
20000230  captured_val                   
000028a1  carSideConfig                  
00002879  carSideInit                    
00002b95  copy_in                        
0000278b  create_task                    
00002c25  delay                          
00002611  delay_micro                    
20000284  distance                       
00002b4d  exit                           
00000000  g_pfnVectors                   
00002dc2  gptConfig                      
200002a4  lcd_car                        
0000217d  lcd_display                    
000012c9  lcd_init                       
0000174b  lcd_sendFloat                  
00001377  lcd_send_chr                   
000014cf  lcd_send_chr_pos               
00001105  lcd_send_command               
000016e1  lcd_send_custome_chr_pos       
0000161f  lcd_send_number                
00001559  lcd_send_number_pos            
000014f9  lcd_send_string                
00001533  lcd_send_string_pos            
00001263  lcd_set_cursor                 
0000212d  ldr_swing_car                  
000021b9  main                           
200002dc  main_func_sp                   
000027dd  memcpy                         
000029a1  memset                         
2000028b  move_flag                      
00002cc0  portConfig                     
0000290d  robotInit                      
00002919  robotMoveForward               
00002955  robotMoveLeft                  
00002969  robotMoveRight                 
00002941  robotMoveRotate                
0000292d  robotMoveStop                  
0000297d  robotMoveback                  
0000277f  tasks_scheduler                
00002631  ultarsonicSensorReadValue      
200002d9  ultraSonic1                    


GLOBAL SYMBOLS: SORTED BY Symbol Address 

address   name                           
-------   ----                           
00000000  __TI_static_base__             
00000000  g_pfnVectors                   
00000200  __STACK_SIZE                   
00000ce1  DIO_Init                       
00000e11  DIO_ReadChannel                
00000ec5  DIO_WriteChannel               
00001001  DIO_ReadPort                   
00001075  DIO_WritePort                  
000010c1  DIO_FlipChannel                
00001105  lcd_send_command               
00001263  lcd_set_cursor                 
000012c9  lcd_init                       
00001377  lcd_send_chr                   
000014cf  lcd_send_chr_pos               
000014f9  lcd_send_string                
00001533  lcd_send_string_pos            
00001559  lcd_send_number_pos            
0000161f  lcd_send_number                
000016e1  lcd_send_custome_chr_pos       
0000174b  lcd_sendFloat                  
000017ef  __mpu_init                     
000017f1  TIMER0A_Handler                
0000182f  TIMER1A_Handler                
0000186d  TIMER2A_Handler                
00001909  GPT_Init                       
00001a47  GPT_SetPWM                     
00001a77  GPT_EnableNotification         
00001b01  GPT_StartTimer                 
00001b2d  GPT_getValue                   
00001b51  GPT_stopTimer                  
00001b9d  SCB_Init                       
00001bb3  SCB_GetResetRawValue           
00001bc9  SCB_PerformReset               
00001bd7  SCB_InitClock                  
00001d85  SCB_DistributePllClock         
00001db3  SCB_GetPllStatus               
00001de1  __aeabi_dsub                   
00001deb  __aeabi_dadd                   
00001f97  _system_post_cinit             
00001f99  SYSTICK_Init                   
00002015  SYSTICK_setBusyWait            
00002075  SYSTIC_voidSetIntervalPeriodic 
000020dd  SYSTICK_Handler                
0000212d  ldr_swing_car                  
0000217d  lcd_display                    
0000218d  avoid_obstacles                
000021b9  main                           
000022b1  __aeabi_ddiv                   
000023e9  ADC_Init                       
00002481  ADC_Read_Data                  
00002515  __aeabi_dmul                   
00002611  delay_micro                    
00002631  ultarsonicSensorReadValue      
0000277f  tasks_scheduler                
0000278b  create_task                    
000027dd  __aeabi_memcpy                 
000027dd  __aeabi_memcpy4                
000027dd  __aeabi_memcpy8                
000027dd  memcpy                         
00002879  carSideInit                    
000028a1  carSideConfig                  
0000290d  robotInit                      
00002919  robotMoveForward               
0000292d  robotMoveStop                  
00002941  robotMoveRotate                
00002955  robotMoveLeft                  
00002969  robotMoveRight                 
0000297d  robotMoveback                  
00002999  __aeabi_memclr                 
00002999  __aeabi_memclr4                
00002999  __aeabi_memclr8                
0000299b  __aeabi_memset                 
0000299b  __aeabi_memset4                
0000299b  __aeabi_memset8                
000029a1  memset                         
00002a15  __TI_auto_init                 
00002a85  __TI_decompress_lzss           
00002aed  _c_int00                       
00002b41  C$$EXIT                        
00002b45  abort                          
00002b4d  exit                           
00002b95  copy_in                        
00002be1  __aeabi_d2uiz                  
00002c25  delay                          
00002c49  __aeabi_ui2d                   
00002c69  _args_main                     
00002c81  _register_unlock               
00002c87  _register_lock                 
00002c8f  _nop                           
00002c95  __TI_decompress_none           
00002ca3  __TI_zero_init                 
00002caf  ResetISR                       
00002cbb  _system_pre_init               
00002cc0  portConfig                     
00002dc2  gptConfig                      
00002df4  SCBConfig                      
00002e04  SYSTIC_Config                  
00002e48  __TI_Handler_Table_Base        
00002e54  __TI_Handler_Table_Limit       
00002e60  __TI_CINIT_Base                
00002e70  __TI_CINIT_Limit               
20000000  __stack                        
20000200  __STACK_END                    
20000200  __STACK_TOP                    
20000230  captured_val                   
20000278  LDR_Direction                  
2000027c  LDR_L_read                     
20000280  LDR_R_read                     
20000284  distance                       
2000028a  SYSTICK_u8ModeOfInterval       
2000028b  move_flag                      
2000028c  __TI_cleanup_ptr               
20000290  __TI_dtors_ptr                 
20000294  __TI_enable_exit_profile_output
20000298  SCB_ActivatedClockGates        
200002a4  lcd_car                        
200002b0  _lock                          
200002b4  _unlock                        
200002b8  InitPtr                        
200002c0  LDR_1                          
200002c6  LDR_2                          
200002d1  LEFT_SIDE                      
200002d5  RIGHT_SIDE                     
200002d9  ultraSonic1                    
200002dc  main_func_sp                   
ffffffff  __TI_pprof_out_hndl            
ffffffff  __TI_prof_data_size            
ffffffff  __TI_prof_data_start           
ffffffff  __binit__                      
ffffffff  __c_args__                     
ffffffff  binit                          
UNDEFED   SHT$$INIT_ARRAY$$Base          
UNDEFED   SHT$$INIT_ARRAY$$Limit         

[133 symbols]
