******************************************************************************
                  TI ARM Linker PC v16.9.4                     
******************************************************************************
>> Linked Fri Aug 18 09:08:25 2023

OUTPUT FILE NAME:   <Tiva_c.out>
ENTRY POINT SYMBOL: "_c_int00"  address: 00000ba9


MEMORY CONFIGURATION

         name            origin    length      used     unused   attr    fill
----------------------  --------  ---------  --------  --------  ----  --------
  FLASH                 00000000   00020000  00000e08  0001f1f8  R  X
  SRAM                  20000000   00008000  00000220  00007de0  RW X


SEGMENT ALLOCATION MAP

run origin  load origin   length   init length attrs members
----------  ----------- ---------- ----------- ----- -------
00000000    00000000    00000e0c   00000e0c    r-x
  00000000    00000000    0000026c   0000026c    r-- .intvecs
  0000026c    0000026c    00000a90   00000a90    r-x .text
  00000cfc    00000cfc    000000e8   000000e8    r-- .const
  00000de8    00000de8    00000024   00000024    r-- .cinit
20000000    20000000    00000220   00000000    rw-
  20000000    20000000    00000200   00000000    rw- .stack
  20000200    20000200    00000020   00000000    rw- .data


SECTION ALLOCATION MAP

 output                                  attributes/
section   page    origin      length       input sections
--------  ----  ----------  ----------   ----------------
.intvecs   0    00000000    0000026c     
                  00000000    0000026c     tm4c123ge6pm_startup_ccs.obj (.intvecs)

.text      0    0000026c    00000a90     
                  0000026c    00000638     GPIO.obj (.text)
                  000008a4    00000134     SCB.obj (.text)
                  000009d8    0000009c     rtsv7M4_T_le_v4SPD16_eabi.lib : memcpy_t2.obj (.text)
                  00000a74    00000070                                   : autoinit.obj (.text)
                  00000ae4    00000068                                   : copy_decompress_lzss.obj (.text:decompress:lzss)
                  00000b4c    0000005c     main.obj (.text)
                  00000ba8    00000054     rtsv7M4_T_le_v4SPD16_eabi.lib : boot.obj (.text)
                  00000bfc    00000054                                   : exit.obj (.text)
                  00000c50    0000004c                                   : cpy_tbl.obj (.text)
                  00000c9c    00000018                                   : args_main.obj (.text)
                  00000cb4    00000014                                   : _lock.obj (.text)
                  00000cc8    00000012     delay.obj (.text)
                  00000cda    0000000e     rtsv7M4_T_le_v4SPD16_eabi.lib : copy_decompress_none.obj (.text:decompress:none)
                  00000ce8    0000000c     tm4c123ge6pm_startup_ccs.obj (.text)
                  00000cf4    00000004     rtsv7M4_T_le_v4SPD16_eabi.lib : pre_init.obj (.text)
                  00000cf8    00000002                                   : mpu_init.obj (.text)
                  00000cfa    00000002                                   : startup.obj (.text)

.const     0    00000cfc    000000e8     
                  00000cfc    000000d7     GPIO_config.obj (.const:portConfig)
                  00000dd3    00000001     --HOLE-- [fill = 0]
                  00000dd4    00000010     SCB_config.obj (.const:SCBConfig)

.cinit     0    00000de8    00000024     
                  00000de8    00000014     (.cinit..data.load) [load image, compression = lzss]
                  00000dfc    00000008     (__TI_handler_table)
                  00000e04    00000008     (__TI_cinit_table)

.init_array 
*          0    00000000    00000000     UNINITIALIZED

.stack     0    20000000    00000200     UNINITIALIZED
                  20000000    00000200     --HOLE--

.data      0    20000200    00000020     UNINITIALIZED
                  20000200    0000000c     rtsv7M4_T_le_v4SPD16_eabi.lib : exit.obj (.data:$O1$$)
                  2000020c    00000008                                   : _lock.obj (.data:$O1$$)
                  20000214    00000005     SCB.obj (.data)
                  20000219    00000001     SCB_config.obj (.data:SCB_ActivatedClockGates)
                  2000021a    00000002     --HOLE--
                  2000021c    00000004     rtsv7M4_T_le_v4SPD16_eabi.lib : stkdepth_vars.obj (.data)

MODULE SUMMARY

       Module                         code   ro data   rw data
       ------                         ----   -------   -------
    .\
       GPIO.obj                       1592   0         0      
       tm4c123ge6pm_startup_ccs.obj   12     620       0      
       SCB.obj                        308    0         5      
       GPIO_config.obj                0      215       0      
       main.obj                       92     0         0      
       delay.obj                      18     0         0      
       SCB_config.obj                 0      16        1      
    +--+------------------------------+------+---------+---------+
       Total:                         2022   851       6      
                                                              
    C:\ti\ccsv7\tools\compiler\ti-cgt-arm_16.9.4.LTS\lib\rtsv7M4_T_le_v4SPD16_eabi.lib
       memcpy_t2.obj                  156    0         0      
       autoinit.obj                   112    0         0      
       copy_decompress_lzss.obj       104    0         0      
       exit.obj                       84     0         12     
       boot.obj                       84     0         0      
       cpy_tbl.obj                    76     0         0      
       _lock.obj                      20     0         8      
       args_main.obj                  24     0         0      
       copy_decompress_none.obj       14     0         0      
       pre_init.obj                   4      0         0      
       stkdepth_vars.obj              0      0         4      
       mpu_init.obj                   2      0         0      
       startup.obj                    2      0         0      
    +--+------------------------------+------+---------+---------+
       Total:                         682    0         24     
                                                              
       Stack:                         0      0         512    
       Linker Generated:              0      36        0      
    +--+------------------------------+------+---------+---------+
       Grand Total:                   2704   887       542    


LINKER GENERATED COPY TABLES

__TI_cinit_table @ 00000e04 records: 1, size/record: 8, table size: 8
	.data: load addr=00000de8, load size=00000014 bytes, run addr=20000200, run size=00000020 bytes, compression=lzss


LINKER GENERATED HANDLER TABLE

__TI_handler_table @ 00000dfc records: 2, size/record: 4, table size: 8
	index: 0, handler: __TI_decompress_lzss
	index: 1, handler: __TI_decompress_none


GLOBAL SYMBOLS: SORTED ALPHABETICALLY BY Name 

address   name                           
-------   ----                           
00000bfd  C$$EXIT                        
000003c9  DIO_Config                     
0000038d  DIO_FlipChannel                
0000033f  DIO_ReadChannel                
0000030b  DIO_ReadPort                   
00000289  DIO_WriteChannel               
0000026d  DIO_WritePort                  
00000ce9  ResetISR                       
00000dd4  SCBConfig                      
20000219  SCB_ActivatedClockGates        
00000997  SCB_DistributePllClock         
0000098f  SCB_GetPllStatus               
00000985  SCB_GetResetRawValue           
00000979  SCB_Init                       
000008b5  SCB_InitClock                  
000008a5  SCB_PerformReset               
UNDEFED   SHT$$INIT_ARRAY$$Base          
UNDEFED   SHT$$INIT_ARRAY$$Limit         
20000200  __STACK_END                    
00000200  __STACK_SIZE                   
20000200  __STACK_TOP                    
00000e04  __TI_CINIT_Base                
00000e0c  __TI_CINIT_Limit               
00000dfc  __TI_Handler_Table_Base        
00000e04  __TI_Handler_Table_Limit       
00000a75  __TI_auto_init                 
20000200  __TI_cleanup_ptr               
00000ae5  __TI_decompress_lzss           
00000cdb  __TI_decompress_none           
20000204  __TI_dtors_ptr                 
20000208  __TI_enable_exit_profile_output
ffffffff  __TI_pprof_out_hndl            
ffffffff  __TI_prof_data_size            
ffffffff  __TI_prof_data_start           
00000000  __TI_static_base__             
000009d9  __aeabi_memcpy                 
000009d9  __aeabi_memcpy4                
000009d9  __aeabi_memcpy8                
ffffffff  __binit__                      
ffffffff  __c_args__                     
00000cf9  __mpu_init                     
20000000  __stack                        
00000c9d  _args_main                     
00000ba9  _c_int00                       
2000020c  _lock                          
00000cc3  _nop                           
00000cbb  _register_lock                 
00000cb5  _register_unlock               
00000cfb  _system_post_cinit             
00000cf5  _system_pre_init               
20000210  _unlock                        
00000c01  abort                          
ffffffff  binit                          
00000c51  copy_in                        
00000cc9  delay                          
00000c09  exit                           
00000000  g_pfnVectors                   
00000b4d  main                           
2000021c  main_func_sp                   
000009d9  memcpy                         
00000cfc  portConfig                     


GLOBAL SYMBOLS: SORTED BY Symbol Address 

address   name                           
-------   ----                           
00000000  __TI_static_base__             
00000000  g_pfnVectors                   
00000200  __STACK_SIZE                   
0000026d  DIO_WritePort                  
00000289  DIO_WriteChannel               
0000030b  DIO_ReadPort                   
0000033f  DIO_ReadChannel                
0000038d  DIO_FlipChannel                
000003c9  DIO_Config                     
000008a5  SCB_PerformReset               
000008b5  SCB_InitClock                  
00000979  SCB_Init                       
00000985  SCB_GetResetRawValue           
0000098f  SCB_GetPllStatus               
00000997  SCB_DistributePllClock         
000009d9  __aeabi_memcpy                 
000009d9  __aeabi_memcpy4                
000009d9  __aeabi_memcpy8                
000009d9  memcpy                         
00000a75  __TI_auto_init                 
00000ae5  __TI_decompress_lzss           
00000b4d  main                           
00000ba9  _c_int00                       
00000bfd  C$$EXIT                        
00000c01  abort                          
00000c09  exit                           
00000c51  copy_in                        
00000c9d  _args_main                     
00000cb5  _register_unlock               
00000cbb  _register_lock                 
00000cc3  _nop                           
00000cc9  delay                          
00000cdb  __TI_decompress_none           
00000ce9  ResetISR                       
00000cf5  _system_pre_init               
00000cf9  __mpu_init                     
00000cfb  _system_post_cinit             
00000cfc  portConfig                     
00000dd4  SCBConfig                      
00000dfc  __TI_Handler_Table_Base        
00000e04  __TI_CINIT_Base                
00000e04  __TI_Handler_Table_Limit       
00000e0c  __TI_CINIT_Limit               
20000000  __stack                        
20000200  __STACK_END                    
20000200  __STACK_TOP                    
20000200  __TI_cleanup_ptr               
20000204  __TI_dtors_ptr                 
20000208  __TI_enable_exit_profile_output
2000020c  _lock                          
20000210  _unlock                        
20000219  SCB_ActivatedClockGates        
2000021c  main_func_sp                   
ffffffff  __TI_pprof_out_hndl            
ffffffff  __TI_prof_data_size            
ffffffff  __TI_prof_data_start           
ffffffff  __binit__                      
ffffffff  __c_args__                     
ffffffff  binit                          
UNDEFED   SHT$$INIT_ARRAY$$Base          
UNDEFED   SHT$$INIT_ARRAY$$Limit         

[61 symbols]
